[cdima@centos ~]$ python
Python 2.7.5 (default, Nov  6 2016, 00:28:07) 
[GCC 4.8.5 20150623 (Red Hat 4.8.5-11)] on linux2
Type "help", "copyright", "credits" or "license" for more information.
>>> i = 10
>>> i * 10
100
>>> i = "Hello"
>>> i * 10
'HelloHelloHelloHelloHelloHelloHelloHelloHelloHello'
>>> i = 1.04
>>> i
1.04
>>> i*10
10.4
>>> int=10
>>> if int==10:
...   print('Match')
... 
Match
>>> st='Hello'
>>> if st=='Hello':
...     print('Match')
... 
Match
>>> st='Hello world this is my session'
>>> st
'Hello world this is my session'
>>> st.lowercase
Traceback (most recent call last):
  File "<stdin>", line 1, in <module>
AttributeError: 'str' object has no attribute 'lowercase'
>>> st.lowercase(st)
Traceback (most recent call last):
  File "<stdin>", line 1, in <module>
AttributeError: 'str' object has no attribute 'lowercase'
>>> st.lowercase()
Traceback (most recent call last):
  File "<stdin>", line 1, in <module>
AttributeError: 'str' object has no attribute 'lowercase'
>>> st.split()
['Hello', 'world', 'this', 'is', 'my', 'session']
>>> st.lower()
'hello world this is my session'
>>> st
'Hello world this is my session'
>>> st=st.lower
>>> st
<built-in method lower of str object at 0x7f33dbf85a50>
>>> st
<built-in method lower of str object at 0x7f33dbf85a50>
>>> st=st.lower()
Traceback (most recent call last):
  File "<stdin>", line 1, in <module>
AttributeError: 'builtin_function_or_method' object has no attribute 'lower'
>>> st ='Hello world this is my session'
>>> st
'Hello world this is my session'
>>> st = st.lower()
>>> st
'hello world this is my session'
>>> exit
Use exit() or Ctrl-D (i.e. EOF) to exit
>>> quit
Use quit() or Ctrl-D (i.e. EOF) to exit
>>> exit
Use exit() or Ctrl-D (i.e. EOF) to exit
>>> quit()
[cdima@centos ~]$ 
[cdima@centos ~]$ 
[cdima@centos ~]$ uname -a
Linux centos.home 3.10.0-514.16.1.el7.x86_64 #1 SMP Wed Apr 12 15:04:24 UTC 2017 x86_64 x86_64 x86_64 GNU/Linux
[cdima@centos ~]$ python
Python 2.7.5 (default, Nov  6 2016, 00:28:07) 
[GCC 4.8.5 20150623 (Red Hat 4.8.5-11)] on linux2
Type "help", "copyright", "credits" or "license" for more information.
>>> l='Linux centos.home 3.10.0-514.16.1.el7.x86_64 #1 SMP Wed Apr 12 15:04:24 UTC 2017 x86_64 x86_64 x86_64 GNU/Linux'
>>> l
'Linux centos.home 3.10.0-514.16.1.el7.x86_64 #1 SMP Wed Apr 12 15:04:24 UTC 2017 x86_64 x86_64 x86_64 GNU/Linux'
>>> l.split()[2]
'3.10.0-514.16.1.el7.x86_64'
>>> l.split()[2].split()
['3.10.0-514.16.1.el7.x86_64']
>>> list
<type 'list'>
>>> list = [1,2,3,4,5,6]
>>> list
[1, 2, 3, 4, 5, 6]
>>> list.append(7)
>>> list
[1, 2, 3, 4, 5, 6, 7]
>>> l[1]
'i'
>>> l.split()[2]
'3.10.0-514.16.1.el7.x86_64'
>>> l.split()[2].split('-')
['3.10.0', '514.16.1.el7.x86_64']
>>> l.split()[2].split('-')[0]
'3.10.0'
>>> l.split()[2].split('-')[0].split('.')
['3', '10', '0']
>>> l.split()[2].split('-')[0].split('.')[0]
'3'
>>> int(l.split()[2].split('-')[0].split('.')[0])+4
7
>>> l.split()[2].split('-')[0].split('.')[0]+str(4)
'34'
>>> 'hello' + ' world'
'hello world'
>>> [1,2]+[3,4]
[1, 2, 3, 4]
>>> [1,2]+[3,4]+[5]
[1, 2, 3, 4, 5]
>>> l
'Linux centos.home 3.10.0-514.16.1.el7.x86_64 #1 SMP Wed Apr 12 15:04:24 UTC 2017 x86_64 x86_64 x86_64 GNU/Linux'
>>> l.strip()
'Linux centos.home 3.10.0-514.16.1.el7.x86_64 #1 SMP Wed Apr 12 15:04:24 UTC 2017 x86_64 x86_64 x86_64 GNU/Linux'
>>> l.rstrip()
'Linux centos.home 3.10.0-514.16.1.el7.x86_64 #1 SMP Wed Apr 12 15:04:24 UTC 2017 x86_64 x86_64 x86_64 GNU/Linux'
>>> l.lstrip()
'Linux centos.home 3.10.0-514.16.1.el7.x86_64 #1 SMP Wed Apr 12 15:04:24 UTC 2017 x86_64 x86_64 x86_64 GNU/Linux'
>>> l.strip('4')
'Linux centos.home 3.10.0-514.16.1.el7.x86_64 #1 SMP Wed Apr 12 15:04:24 UTC 2017 x86_64 x86_64 x86_64 GNU/Linux'
>>> l.lstrip('4')
'Linux centos.home 3.10.0-514.16.1.el7.x86_64 #1 SMP Wed Apr 12 15:04:24 UTC 2017 x86_64 x86_64 x86_64 GNU/Linux'
>>> l.lstrip('L')
'inux centos.home 3.10.0-514.16.1.el7.x86_64 #1 SMP Wed Apr 12 15:04:24 UTC 2017 x86_64 x86_64 x86_64 GNU/Linux'
>>> l.strip('L')
'inux centos.home 3.10.0-514.16.1.el7.x86_64 #1 SMP Wed Apr 12 15:04:24 UTC 2017 x86_64 x86_64 x86_64 GNU/Linux'
>>> l.strip('i')
'Linux centos.home 3.10.0-514.16.1.el7.x86_64 #1 SMP Wed Apr 12 15:04:24 UTC 2017 x86_64 x86_64 x86_64 GNU/Linux'
>>> l.strip('iLxu')
'nux centos.home 3.10.0-514.16.1.el7.x86_64 #1 SMP Wed Apr 12 15:04:24 UTC 2017 x86_64 x86_64 x86_64 GNU/Lin'
>>> '10' * 10
'10101010101010101010'
>>> int('10')*10
100
>>> l
'Linux centos.home 3.10.0-514.16.1.el7.x86_64 #1 SMP Wed Apr 12 15:04:24 UTC 2017 x86_64 x86_64 x86_64 GNU/Linux'
>>> l[1:4]
'inu'
>>> s
Traceback (most recent call last):
  File "<stdin>", line 1, in <module>
NameError: name 's' is not defined
>>> s = [1,2,3,4,5,6]
>>> s
[1, 2, 3, 4, 5, 6]
>>> s.append(100)
>>> s
[1, 2, 3, 4, 5, 6, 100]
>>> s.pop()
100
>>> s
[1, 2, 3, 4, 5, 6]
>>> s.pop(2)
3
>>> s
[1, 2, 4, 5, 6]
>>> s.insert(2,50)
>>> s
[1, 2, 50, 4, 5, 6]
>>> s.remove(3)
Traceback (most recent call last):
  File "<stdin>", line 1, in <module>
ValueError: list.remove(x): x not in list
>>> s.remove(4)
>>> s
[1, 2, 50, 5, 6]
>>> s.count()
Traceback (most recent call last):
  File "<stdin>", line 1, in <module>
TypeError: count() takes exactly one argument (0 given)
>>> s.count(s)
0
>>> s.count(2)
1
>>> s.count(6)
1
>>> s.length()
Traceback (most recent call last):
  File "<stdin>", line 1, in <module>
AttributeError: 'list' object has no attribute 'length'
>>> len(s)
5
>>> st
Traceback (most recent call last):
  File "<stdin>", line 1, in <module>
NameError: name 'st' is not defined
>>> st='Linux'
>>> st
'Linux'
>>> s.strip()
Traceback (most recent call last):
  File "<stdin>", line 1, in <module>
AttributeError: 'list' object has no attribute 'strip'
>>> s.strip('x')
Traceback (most recent call last):
  File "<stdin>", line 1, in <module>
AttributeError: 'list' object has no attribute 'strip'
>>> st.strip('x')
'Linu'
>>> st[:4]
'Linu'
>>> st[0:4]
'Linu'
>>> st.split()
['Linux']
>>> st
'Linux'
>>> li = [for s in range(Linux): st[s]]
  File "<stdin>", line 1
    li = [for s in range(Linux): st[s]]
            ^
SyntaxError: invalid syntax
>>> li = [st[0],st[1],st[2],st[3],st[4]]
>>> li
['L', 'i', 'n', 'u', 'x']
>>> li.pop()
'x'
>>> li
['L', 'i', 'n', 'u']
>>> st='Linux'
>>> li
['L', 'i', 'n', 'u']
>>> test = [for i in st:
  File "<stdin>", line 1
    test = [for i in st:
              ^
SyntaxError: invalid syntax
>>> test = [for i in st: st[i]=i
  File "<stdin>", line 1
    test = [for i in st: st[i]=i
              ^
SyntaxError: invalid syntax
>>> test = [for i in st: st[i]=i]
  File "<stdin>", line 1
    test = [for i in st: st[i]=i]
              ^
SyntaxError: invalid syntax
>>> i = 0
>>> st
'Linux'
>>> for j in st:
...    li[i]=j
...    i = i+1
... 
Traceback (most recent call last):
  File "<stdin>", line 2, in <module>
IndexError: list assignment index out of range
>>> li
['L', 'i', 'n', 'u']
>>> for j in st:
...     print j
... 
L
i
n
u
x
>>> for j in st:
...   li[i] = j
... 
Traceback (most recent call last):
  File "<stdin>", line 2, in <module>
IndexError: list assignment index out of range
>>> for j in st:
...    list.insert(i,j)
...    i = i + 1
... 
>>> list
[1, 2, 3, 4, 'L', 'i', 'n', 'u', 'x', 5, 6, 7]
>>> i
9
>>> i=0
>>> for j in st:
...   list.insert(i,j)
...   i = i + 1
... 
>>> list
['L', 'i', 'n', 'u', 'x', 1, 2, 3, 4, 'L', 'i', 'n', 'u', 'x', 5, 6, 7]
>>> l = ['Cloud', 'OnlyVm']
>>> for vm in l:
...     if vm == 'Cloud':
...             print('match')
...             break
...     else:
...             print('no match')
... 
match
>>> quit()
[cdima@centos ~]$ su -
Password: 
Last login: Wed May 10 18:58:07 EEST 2017 on pts/0
[root@centos ~]# python
Python 2.7.5 (default, Nov  6 2016, 00:28:07) 
[GCC 4.8.5 20150623 (Red Hat 4.8.5-11)] on linux2
Type "help", "copyright", "credits" or "license" for more information.
>>> f.open('/var/log/messages')
Traceback (most recent call last):
  File "<stdin>", line 1, in <module>
NameError: name 'f' is not defined
>>> f=open('/var/log/messages')
>>> f.read()
'May 10 17:49:49 centos rsyslogd: [origin software="rsyslogd" swVersion="7.4.7" x-pid="1181" x-info="http://www.rsyslog.com"] start\nMay 10 17:49:19 centos journal: Runtime journal is using 8.0M (max allowed 390.3M, trying to leave 585.5M free of 3.8G available \xe2\x86\x92 current limit 390.3M).\nMay 10 17:49:19 centos kernel: Initializing cgroup subsys cpuset\nMay 10 17:49:19 centos kernel: Initializing cgroup subsys cpu\nMay 10 17:49:19 centos kernel: Initializing cgroup subsys cpuacct\nMay 10 17:49:19 centos kernel: Linux version 3.10.0-514.el7.x86_64 (builder@kbuilder.dev.centos.org) (gcc version 4.8.5 20150623 (Red Hat 4.8.5-11) (GCC) ) #1 SMP Tue Nov 22 16:42:41 UTC 2016\nMay 10 17:49:19 centos kernel: Command line: BOOT_IMAGE=/vmlinuz-3.10.0-514.el7.x86_64 root=UUID=c7e69c19-89e1-4c2b-8161-706715cc577d ro crashkernel=auto rhgb quiet LANG=en_US.UTF-8\nMay 10 17:49:19 centos kernel: Disabled fast string operations\nMay 10 17:49:19 centos kernel: e820: BIOS-provided physical RAM map:\nMay 10 17:49:19 centos kernel: BIOS-e820: [mem 0x0000000000000000-0x000000000009ebff] usable\nMay 10 17:49:19 centos kernel: BIOS-e820: [mem 0x000000000009ec00-0x000000000009ffff] reserved\nMay 10 17:49:19 centos kernel: BIOS-e820: [mem 0x00000000000dc000-0x00000000000fffff] reserved\nMay 10 17:49:19 centos kernel: BIOS-e820: [mem 0x0000000000100000-0x00000000bfecffff] usable\nMay 10 17:49:19 centos kernel: BIOS-e820: [mem 0x00000000bfed0000-0x00000000bfefefff] ACPI data\nMay 10 17:49:19 centos kernel: BIOS-e820: [mem 0x00000000bfeff000-0x00000000bfefffff] ACPI NVS\nMay 10 17:49:19 centos kernel: BIOS-e820: [mem 0x00000000bff00000-0x00000000bfffffff] usable\nMay 10 17:49:19 centos kernel: BIOS-e820: [mem 0x00000000f0000000-0x00000000f7ffffff] reserved\nMay 10 17:49:19 centos kernel: BIOS-e820: [mem 0x00000000fec00000-0x00000000fec0ffff] reserved\nMay 10 17:49:19 centos kernel: BIOS-e820: [mem 0x00000000fee00000-0x00000000fee00fff] reserved\nMay 10 17:49:19 centos kernel: BIOS-e820: [mem 0x00000000fffe0000-0x00000000ffffffff] reserved\nMay 10 17:49:19 centos kernel: BIOS-e820: [mem 0x0000000100000000-0x000000023fffffff] usable\nMay 10 17:49:19 centos kernel: NX (Execute Disable) protection: active\nMay 10 17:49:19 centos kernel: SMBIOS 2.7 present.\nMay 10 17:49:19 centos kernel: Hypervisor detected: VMware\nMay 10 17:49:19 centos kernel: e820: last_pfn = 0x240000 max_arch_pfn = 0x400000000\nMay 10 17:49:19 centos kernel: x86 PAT enabled: cpu 0, old 0x7040600070406, new 0x7010600070106\nMay 10 17:49:19 centos kernel: total RAM covered: 261120M\nMay 10 17:49:19 centos kernel: Found optimal setting for mtrr clean up\nMay 10 17:49:19 centos kernel: gran_size: 64K #011chunk_size: 256G #011num_reg: 2  #011lose cover RAM: 0G\nMay 10 17:49:19 centos kernel: e820: last_pfn = 0xc0000 max_arch_pfn = 0x400000000\nMay 10 17:49:19 centos kernel: found SMP MP-table at [mem 0x000f6a80-0x000f6a8f] mapped at [ffff8800000f6a80]\nMay 10 17:49:19 centos kernel: Using GB pages for direct mapping\nMay 10 17:49:19 centos kernel: RAMDISK: [mem 0x349e2000-0x364e8fff]\nMay 10 17:49:19 centos kernel: ACPI: RSDP 00000000000f6a10 00024 (v02 PTLTD )\nMay 10 17:49:19 centos kernel: ACPI: XSDT 00000000bfedd633 0005C (v01 INTEL  440BX    06040000 VMW  01324272)\nMay 10 17:49:19 centos kernel: ACPI: FACP 00000000bfefee73 000F4 (v04 INTEL  440BX    06040000 PTL  000F4240)\nMay 10 17:49:19 centos kernel: ACPI: DSDT 00000000bfede9f5 2047E (v01 PTLTD  Custom   06040000 MSFT 03000001)\nMay 10 17:49:19 centos kernel: ACPI: FACS 00000000bfefffc0 00040\nMay 10 17:49:19 centos kernel: ACPI: BOOT 00000000bfede9cd 00028 (v01 PTLTD  $SBFTBL$ 06040000  LTP 00000001)\nMay 10 17:49:19 centos kernel: ACPI: APIC 00000000bfede28b 00742 (v01 PTLTD  ? APIC   06040000  LTP 00000000)\nMay 10 17:49:19 centos kernel: ACPI: MCFG 00000000bfede24f 0003C (v01 PTLTD  $PCITBL$ 06040000  LTP 00000001)\nMay 10 17:49:19 centos kernel: ACPI: SRAT 00000000bfedd72f 008D0 (v02 VMWARE MEMPLUG  06040000 VMW  00000001)\nMay 10 17:49:19 centos kernel: ACPI: HPET 00000000bfedd6f7 00038 (v01 VMWARE VMW HPET 06040000 VMW  00000001)\nMay 10 17:49:19 centos kernel: ACPI: WAET 00000000bfedd6cf 00028 (v01 VMWARE VMW WAET 06040000 VMW  00000001)\nMay 10 17:49:19 centos kernel: Setting APIC routing to physical flat.\nMay 10 17:49:19 centos kernel: SRAT: PXM 0 -> APIC 0x00 -> Node 0\nMay 10 17:49:19 centos kernel: SRAT: PXM 0 -> APIC 0x01 -> Node 0\nMay 10 17:49:19 centos kernel: SRAT: PXM 0 -> APIC 0x02 -> Node 0\nMay 10 17:49:19 centos kernel: SRAT: PXM 0 -> APIC 0x03 -> Node 0\nMay 10 17:49:19 centos kernel: SRAT: PXM 0 -> APIC 0x04 -> Node 0\nMay 10 17:49:19 centos kernel: SRAT: PXM 0 -> APIC 0x05 -> Node 0\nMay 10 17:49:19 centos kernel: SRAT: PXM 0 -> APIC 0x06 -> Node 0\nMay 10 17:49:19 centos kernel: SRAT: PXM 0 -> APIC 0x07 -> Node 0\nMay 10 17:49:19 centos kernel: SRAT: PXM 0 -> APIC 0x08 -> Node 0\nMay 10 17:49:19 centos kernel: SRAT: PXM 0 -> APIC 0x09 -> Node 0\nMay 10 17:49:19 centos kernel: SRAT: PXM 0 -> APIC 0x0a -> Node 0\nMay 10 17:49:19 centos kernel: SRAT: PXM 0 -> APIC 0x0b -> Node 0\nMay 10 17:49:19 centos kernel: SRAT: PXM 0 -> APIC 0x0c -> Node 0\nMay 10 17:49:19 centos kernel: SRAT: PXM 0 -> APIC 0x0d -> Node 0\nMay 10 17:49:19 centos kernel: SRAT: PXM 0 -> APIC 0x0e -> Node 0\nMay 10 17:49:19 centos kernel: SRAT: PXM 0 -> APIC 0x0f -> Node 0\nMay 10 17:49:19 centos kernel: SRAT: PXM 0 -> APIC 0x10 -> Node 0\nMay 10 17:49:19 centos kernel: SRAT: PXM 0 -> APIC 0x11 -> Node 0\nMay 10 17:49:19 centos kernel: SRAT: PXM 0 -> APIC 0x12 -> Node 0\nMay 10 17:49:19 centos kernel: SRAT: PXM 0 -> APIC 0x13 -> Node 0\nMay 10 17:49:19 centos kernel: SRAT: PXM 0 -> APIC 0x14 -> Node 0\nMay 10 17:49:19 centos kernel: SRAT: PXM 0 -> APIC 0x15 -> Node 0\nMay 10 17:49:19 centos kernel: SRAT: PXM 0 -> APIC 0x16 -> Node 0\nMay 10 17:49:19 centos kernel: SRAT: PXM 0 -> APIC 0x17 -> Node 0\nMay 10 17:49:19 centos kernel: SRAT: PXM 0 -> APIC 0x18 -> Node 0\nMay 10 17:49:19 centos kernel: SRAT: PXM 0 -> APIC 0x19 -> Node 0\nMay 10 17:49:19 centos kernel: SRAT: PXM 0 -> APIC 0x1a -> Node 0\nMay 10 17:49:19 centos kernel: SRAT: PXM 0 -> APIC 0x1b -> Node 0\nMay 10 17:49:19 centos kernel: SRAT: PXM 0 -> APIC 0x1c -> Node 0\nMay 10 17:49:19 centos kernel: SRAT: PXM 0 -> APIC 0x1d -> Node 0\nMay 10 17:49:19 centos kernel: SRAT: PXM 0 -> APIC 0x1e -> Node 0\nMay 10 17:49:19 centos kernel: SRAT: PXM 0 -> APIC 0x1f -> Node 0\nMay 10 17:49:19 centos kernel: SRAT: PXM 0 -> APIC 0x20 -> Node 0\nMay 10 17:49:19 centos kernel: SRAT: PXM 0 -> APIC 0x21 -> Node 0\nMay 10 17:49:19 centos kernel: SRAT: PXM 0 -> APIC 0x22 -> Node 0\nMay 10 17:49:19 centos kernel: SRAT: PXM 0 -> APIC 0x23 -> Node 0\nMay 10 17:49:19 centos kernel: SRAT: PXM 0 -> APIC 0x24 -> Node 0\nMay 10 17:49:19 centos kernel: SRAT: PXM 0 -> APIC 0x25 -> Node 0\nMay 10 17:49:19 centos kernel: SRAT: PXM 0 -> APIC 0x26 -> Node 0\nMay 10 17:49:19 centos kernel: SRAT: PXM 0 -> APIC 0x27 -> Node 0\nMay 10 17:49:19 centos kernel: SRAT: PXM 0 -> APIC 0x28 -> Node 0\nMay 10 17:49:19 centos kernel: SRAT: PXM 0 -> APIC 0x29 -> Node 0\nMay 10 17:49:19 centos kernel: SRAT: PXM 0 -> APIC 0x2a -> Node 0\nMay 10 17:49:19 centos kernel: SRAT: PXM 0 -> APIC 0x2b -> Node 0\nMay 10 17:49:19 centos kernel: SRAT: PXM 0 -> APIC 0x2c -> Node 0\nMay 10 17:49:19 centos kernel: SRAT: PXM 0 -> APIC 0x2d -> Node 0\nMay 10 17:49:19 centos kernel: SRAT: PXM 0 -> APIC 0x2e -> Node 0\nMay 10 17:49:19 centos kernel: SRAT: PXM 0 -> APIC 0x2f -> Node 0\nMay 10 17:49:19 centos kernel: SRAT: PXM 0 -> APIC 0x30 -> Node 0\nMay 10 17:49:19 centos kernel: SRAT: PXM 0 -> APIC 0x31 -> Node 0\nMay 10 17:49:19 centos kernel: SRAT: PXM 0 -> APIC 0x32 -> Node 0\nMay 10 17:49:19 centos kernel: SRAT: PXM 0 -> APIC 0x33 -> Node 0\nMay 10 17:49:19 centos kernel: SRAT: PXM 0 -> APIC 0x34 -> Node 0\nMay 10 17:49:19 centos kernel: SRAT: PXM 0 -> APIC 0x35 -> Node 0\nMay 10 17:49:19 centos kernel: SRAT: PXM 0 -> APIC 0x36 -> Node 0\nMay 10 17:49:19 centos kernel: SRAT: PXM 0 -> APIC 0x37 -> Node 0\nMay 10 17:49:19 centos kernel: SRAT: PXM 0 -> APIC 0x38 -> Node 0\nMay 10 17:49:19 centos kernel: SRAT: PXM 0 -> APIC 0x39 -> Node 0\nMay 10 17:49:19 centos kernel: SRAT: PXM 0 -> APIC 0x3a -> Node 0\nMay 10 17:49:19 centos kernel: SRAT: PXM 0 -> APIC 0x3b -> Node 0\nMay 10 17:49:19 centos kernel: SRAT: PXM 0 -> APIC 0x3c -> Node 0\nMay 10 17:49:19 centos kernel: SRAT: PXM 0 -> APIC 0x3d -> Node 0\nMay 10 17:49:19 centos kernel: SRAT: PXM 0 -> APIC 0x3e -> Node 0\nMay 10 17:49:19 centos kernel: SRAT: PXM 0 -> APIC 0x3f -> Node 0\nMay 10 17:49:19 centos kernel: SRAT: PXM 0 -> APIC 0x40 -> Node 0\nMay 10 17:49:19 centos kernel: SRAT: PXM 0 -> APIC 0x41 -> Node 0\nMay 10 17:49:19 centos kernel: SRAT: PXM 0 -> APIC 0x42 -> Node 0\nMay 10 17:49:19 centos kernel: SRAT: PXM 0 -> APIC 0x43 -> Node 0\nMay 10 17:49:19 centos kernel: SRAT: PXM 0 -> APIC 0x44 -> Node 0\nMay 10 17:49:19 centos kernel: SRAT: PXM 0 -> APIC 0x45 -> Node 0\nMay 10 17:49:19 centos kernel: SRAT: PXM 0 -> APIC 0x46 -> Node 0\nMay 10 17:49:19 centos kernel: SRAT: PXM 0 -> APIC 0x47 -> Node 0\nMay 10 17:49:19 centos kernel: SRAT: PXM 0 -> APIC 0x48 -> Node 0\nMay 10 17:49:19 centos kernel: SRAT: PXM 0 -> APIC 0x49 -> Node 0\nMay 10 17:49:19 centos kernel: SRAT: PXM 0 -> APIC 0x4a -> Node 0\nMay 10 17:49:19 centos kernel: SRAT: PXM 0 -> APIC 0x4b -> Node 0\nMay 10 17:49:19 centos kernel: SRAT: PXM 0 -> APIC 0x4c -> Node 0\nMay 10 17:49:19 centos kernel: SRAT: PXM 0 -> APIC 0x4d -> Node 0\nMay 10 17:49:19 centos kernel: SRAT: PXM 0 -> APIC 0x4e -> Node 0\nMay 10 17:49:19 centos kernel: SRAT: PXM 0 -> APIC 0x4f -> Node 0\nMay 10 17:49:19 centos kernel: SRAT: PXM 0 -> APIC 0x50 -> Node 0\nMay 10 17:49:19 centos kernel: SRAT: PXM 0 -> APIC 0x51 -> Node 0\nMay 10 17:49:19 centos kernel: SRAT: PXM 0 -> APIC 0x52 -> Node 0\nMay 10 17:49:19 centos kernel: SRAT: PXM 0 -> APIC 0x53 -> Node 0\nMay 10 17:49:19 centos kernel: SRAT: PXM 0 -> APIC 0x54 -> Node 0\nMay 10 17:49:19 centos kernel: SRAT: PXM 0 -> APIC 0x55 -> Node 0\nMay 10 17:49:19 centos kernel: SRAT: PXM 0 -> APIC 0x56 -> Node 0\nMay 10 17:49:19 centos kernel: SRAT: PXM 0 -> APIC 0x57 -> Node 0\nMay 10 17:49:19 centos kernel: SRAT: PXM 0 -> APIC 0x58 -> Node 0\nMay 10 17:49:19 centos kernel: SRAT: PXM 0 -> APIC 0x59 -> Node 0\nMay 10 17:49:19 centos kernel: SRAT: PXM 0 -> APIC 0x5a -> Node 0\nMay 10 17:49:19 centos kernel: SRAT: PXM 0 -> APIC 0x5b -> Node 0\nMay 10 17:49:19 centos kernel: SRAT: PXM 0 -> APIC 0x5c -> Node 0\nMay 10 17:49:19 centos kernel: SRAT: PXM 0 -> APIC 0x5d -> Node 0\nMay 10 17:49:19 centos kernel: SRAT: PXM 0 -> APIC 0x5e -> Node 0\nMay 10 17:49:19 centos kernel: SRAT: PXM 0 -> APIC 0x5f -> Node 0\nMay 10 17:49:19 centos kernel: SRAT: PXM 0 -> APIC 0x60 -> Node 0\nMay 10 17:49:19 centos kernel: SRAT: PXM 0 -> APIC 0x61 -> Node 0\nMay 10 17:49:19 centos kernel: SRAT: PXM 0 -> APIC 0x62 -> Node 0\nMay 10 17:49:19 centos kernel: SRAT: PXM 0 -> APIC 0x63 -> Node 0\nMay 10 17:49:19 centos kernel: SRAT: PXM 0 -> APIC 0x64 -> Node 0\nMay 10 17:49:19 centos kernel: SRAT: PXM 0 -> APIC 0x65 -> Node 0\nMay 10 17:49:19 centos kernel: SRAT: PXM 0 -> APIC 0x66 -> Node 0\nMay 10 17:49:19 centos kernel: SRAT: PXM 0 -> APIC 0x67 -> Node 0\nMay 10 17:49:19 centos kernel: SRAT: PXM 0 -> APIC 0x68 -> Node 0\nMay 10 17:49:19 centos kernel: SRAT: PXM 0 -> APIC 0x69 -> Node 0\nMay 10 17:49:19 centos kernel: SRAT: PXM 0 -> APIC 0x6a -> Node 0\nMay 10 17:49:19 centos kernel: SRAT: PXM 0 -> APIC 0x6b -> Node 0\nMay 10 17:49:19 centos kernel: SRAT: PXM 0 -> APIC 0x6c -> Node 0\nMay 10 17:49:19 centos kernel: SRAT: PXM 0 -> APIC 0x6d -> Node 0\nMay 10 17:49:19 centos kernel: SRAT: PXM 0 -> APIC 0x6e -> Node 0\nMay 10 17:49:19 centos kernel: SRAT: PXM 0 -> APIC 0x6f -> Node 0\nMay 10 17:49:19 centos kernel: SRAT: PXM 0 -> APIC 0x70 -> Node 0\nMay 10 17:49:19 centos kernel: SRAT: PXM 0 -> APIC 0x71 -> Node 0\nMay 10 17:49:19 centos kernel: SRAT: PXM 0 -> APIC 0x72 -> Node 0\nMay 10 17:49:19 centos kernel: SRAT: PXM 0 -> APIC 0x73 -> Node 0\nMay 10 17:49:19 centos kernel: SRAT: PXM 0 -> APIC 0x74 -> Node 0\nMay 10 17:49:19 centos kernel: SRAT: PXM 0 -> APIC 0x75 -> Node 0\nMay 10 17:49:19 centos kernel: SRAT: PXM 0 -> APIC 0x76 -> Node 0\nMay 10 17:49:19 centos kernel: SRAT: PXM 0 -> APIC 0x77 -> Node 0\nMay 10 17:49:19 centos kernel: SRAT: PXM 0 -> APIC 0x78 -> Node 0\nMay 10 17:49:19 centos kernel: SRAT: PXM 0 -> APIC 0x79 -> Node 0\nMay 10 17:49:19 centos kernel: SRAT: PXM 0 -> APIC 0x7a -> Node 0\nMay 10 17:49:19 centos kernel: SRAT: PXM 0 -> APIC 0x7b -> Node 0\nMay 10 17:49:19 centos kernel: SRAT: PXM 0 -> APIC 0x7c -> Node 0\nMay 10 17:49:19 centos kernel: SRAT: PXM 0 -> APIC 0x7d -> Node 0\nMay 10 17:49:19 centos kernel: SRAT: PXM 0 -> APIC 0x7e -> Node 0\nMay 10 17:49:19 centos kernel: SRAT: PXM 0 -> APIC 0x7f -> Node 0\nMay 10 17:49:19 centos kernel: SRAT: Node 0 PXM 0 [mem 0x00000000-0x0009ffff]\nMay 10 17:49:19 centos kernel: SRAT: Node 0 PXM 0 [mem 0x00100000-0xbfffffff]\nMay 10 17:49:19 centos kernel: SRAT: Node 0 PXM 0 [mem 0x100000000-0x23fffffff]\nMay 10 17:49:19 centos kernel: SRAT: Node 0 PXM 0 [mem 0x240000000-0x203fffffff] hotplug\nMay 10 17:49:19 centos kernel: NUMA: Node 0 [mem 0x00000000-0x0009ffff] + [mem 0x00100000-0xbfffffff] -> [mem 0x00000000-0xbfffffff]\nMay 10 17:49:19 centos kernel: NUMA: Node 0 [mem 0x00000000-0xbfffffff] + [mem 0x100000000-0x23fffffff] -> [mem 0x00000000-0x23fffffff]\nMay 10 17:49:19 centos kernel: Initmem setup node 0 [mem 0x00000000-0x23fffffff]\nMay 10 17:49:19 centos kernel:  NODE_DATA [mem 0x23ffd7000-0x23fffdfff]\nMay 10 17:49:19 centos kernel: Reserving 161MB of memory at 672MB for crashkernel (System RAM: 8191MB)\nMay 10 17:49:19 centos kernel: Zone ranges:\nMay 10 17:49:19 centos kernel:  DMA      [mem 0x00001000-0x00ffffff]\nMay 10 17:49:19 centos kernel:  DMA32    [mem 0x01000000-0xffffffff]\nMay 10 17:49:19 centos kernel:  Normal   [mem 0x100000000-0x23fffffff]\nMay 10 17:49:19 centos kernel: Movable zone start for each node\nMay 10 17:49:19 centos kernel: Early memory node ranges\nMay 10 17:49:19 centos kernel:  node   0: [mem 0x00001000-0x0009dfff]\nMay 10 17:49:19 centos kernel:  node   0: [mem 0x00100000-0xbfecffff]\nMay 10 17:49:19 centos kernel:  node   0: [mem 0xbff00000-0xbfffffff]\nMay 10 17:49:19 centos kernel:  node   0: [mem 0x100000000-0x23fffffff]\nMay 10 17:49:19 centos kernel: ACPI: PM-Timer IO Port: 0x1008\nMay 10 17:49:19 centos kernel: ACPI: LAPIC (acpi_id[0x00] lapic_id[0x00] enabled)\nMay 10 17:49:19 centos kernel: ACPI: LAPIC (acpi_id[0x01] lapic_id[0x01] enabled)\nMay 10 17:49:19 centos kernel: ACPI: LAPIC (acpi_id[0x02] lapic_id[0x02] enabled)\nMay 10 17:49:19 centos kernel: ACPI: LAPIC (acpi_id[0x03] lapic_id[0x03] enabled)\nMay 10 17:49:19 centos kernel: ACPI: LAPIC (acpi_id[0x04] lapic_id[0x04] disabled)\nMay 10 17:49:19 centos kernel: ACPI: LAPIC (acpi_id[0x05] lapic_id[0x05] disabled)\nMay 10 17:49:19 centos kernel: ACPI: LAPIC (acpi_id[0x06] lapic_id[0x06] disabled)\nMay 10 17:49:19 centos kernel: ACPI: LAPIC (acpi_id[0x07] lapic_id[0x07] disabled)\nMay 10 17:49:19 centos kernel: ACPI: LAPIC (acpi_id[0x08] lapic_id[0x08] disabled)\nMay 10 17:49:19 centos kernel: ACPI: LAPIC (acpi_id[0x09] lapic_id[0x09] disabled)\nMay 10 17:49:19 centos kernel: ACPI: LAPIC (acpi_id[0x0a] lapic_id[0x0a] disabled)\nMay 10 17:49:19 centos kernel: ACPI: LAPIC (acpi_id[0x0b] lapic_id[0x0b] disabled)\nMay 10 17:49:19 centos kernel: ACPI: LAPIC (acpi_id[0x0c] lapic_id[0x0c] disabled)\nMay 10 17:49:19 centos kernel: ACPI: LAPIC (acpi_id[0x0d] lapic_id[0x0d] disabled)\nMay 10 17:49:19 centos kernel: ACPI: LAPIC (acpi_id[0x0e] lapic_id[0x0e] disabled)\nMay 10 17:49:19 centos kernel: ACPI: LAPIC (acpi_id[0x0f] lapic_id[0x0f] disabled)\nMay 10 17:49:19 centos kernel: ACPI: LAPIC (acpi_id[0x10] lapic_id[0x10] disabled)\nMay 10 17:49:19 centos kernel: ACPI: LAPIC (acpi_id[0x11] lapic_id[0x11] disabled)\nMay 10 17:49:19 centos kernel: ACPI: LAPIC (acpi_id[0x12] lapic_id[0x12] disabled)\nMay 10 17:49:19 centos kernel: ACPI: LAPIC (acpi_id[0x13] lapic_id[0x13] disabled)\nMay 10 17:49:19 centos kernel: ACPI: LAPIC (acpi_id[0x14] lapic_id[0x14] disabled)\nMay 10 17:49:19 centos kernel: ACPI: LAPIC (acpi_id[0x15] lapic_id[0x15] disabled)\nMay 10 17:49:19 centos kernel: ACPI: LAPIC (acpi_id[0x16] lapic_id[0x16] disabled)\nMay 10 17:49:19 centos kernel: ACPI: LAPIC (acpi_id[0x17] lapic_id[0x17] disabled)\nMay 10 17:49:19 centos kernel: ACPI: LAPIC (acpi_id[0x18] lapic_id[0x18] disabled)\nMay 10 17:49:19 centos kernel: ACPI: LAPIC (acpi_id[0x19] lapic_id[0x19] disabled)\nMay 10 17:49:19 centos kernel: ACPI: LAPIC (acpi_id[0x1a] lapic_id[0x1a] disabled)\nMay 10 17:49:19 centos kernel: ACPI: LAPIC (acpi_id[0x1b] lapic_id[0x1b] disabled)\nMay 10 17:49:19 centos kernel: ACPI: LAPIC (acpi_id[0x1c] lapic_id[0x1c] disabled)\nMay 10 17:49:19 centos kernel: ACPI: LAPIC (acpi_id[0x1d] lapic_id[0x1d] disabled)\nMay 10 17:49:19 centos kernel: ACPI: LAPIC (acpi_id[0x1e] lapic_id[0x1e] disabled)\nMay 10 17:49:19 centos kernel: ACPI: LAPIC (acpi_id[0x1f] lapic_id[0x1f] disabled)\nMay 10 17:49:19 centos kernel: ACPI: LAPIC (acpi_id[0x20] lapic_id[0x20] disabled)\nMay 10 17:49:19 centos kernel: ACPI: LAPIC (acpi_id[0x21] lapic_id[0x21] disabled)\nMay 10 17:49:19 centos kernel: ACPI: LAPIC (acpi_id[0x22] lapic_id[0x22] disabled)\nMay 10 17:49:19 centos kernel: ACPI: LAPIC (acpi_id[0x23] lapic_id[0x23] disabled)\nMay 10 17:49:19 centos kernel: ACPI: LAPIC (acpi_id[0x24] lapic_id[0x24] disabled)\nMay 10 17:49:19 centos kernel: ACPI: LAPIC (acpi_id[0x25] lapic_id[0x25] disabled)\nMay 10 17:49:19 centos kernel: ACPI: LAPIC (acpi_id[0x26] lapic_id[0x26] disabled)\nMay 10 17:49:19 centos kernel: ACPI: LAPIC (acpi_id[0x27] lapic_id[0x27] disabled)\nMay 10 17:49:19 centos kernel: ACPI: LAPIC (acpi_id[0x28] lapic_id[0x28] disabled)\nMay 10 17:49:19 centos kernel: ACPI: LAPIC (acpi_id[0x29] lapic_id[0x29] disabled)\nMay 10 17:49:19 centos kernel: ACPI: LAPIC (acpi_id[0x2a] lapic_id[0x2a] disabled)\nMay 10 17:49:19 centos kernel: ACPI: LAPIC (acpi_id[0x2b] lapic_id[0x2b] disabled)\nMay 10 17:49:19 centos kernel: ACPI: LAPIC (acpi_id[0x2c] lapic_id[0x2c] disabled)\nMay 10 17:49:19 centos kernel: ACPI: LAPIC (acpi_id[0x2d] lapic_id[0x2d] disabled)\nMay 10 17:49:19 centos kernel: ACPI: LAPIC (acpi_id[0x2e] lapic_id[0x2e] disabled)\nMay 10 17:49:19 centos kernel: ACPI: LAPIC (acpi_id[0x2f] lapic_id[0x2f] disabled)\nMay 10 17:49:19 centos kernel: ACPI: LAPIC (acpi_id[0x30] lapic_id[0x30] disabled)\nMay 10 17:49:19 centos kernel: ACPI: LAPIC (acpi_id[0x31] lapic_id[0x31] disabled)\nMay 10 17:49:19 centos kernel: ACPI: LAPIC (acpi_id[0x32] lapic_id[0x32] disabled)\nMay 10 17:49:19 centos kernel: ACPI: LAPIC (acpi_id[0x33] lapic_id[0x33] disabled)\nMay 10 17:49:19 centos kernel: ACPI: LAPIC (acpi_id[0x34] lapic_id[0x34] disabled)\nMay 10 17:49:19 centos kernel: ACPI: LAPIC (acpi_id[0x35] lapic_id[0x35] disabled)\nMay 10 17:49:19 centos kernel: ACPI: LAPIC (acpi_id[0x36] lapic_id[0x36] disabled)\nMay 10 17:49:19 centos kernel: ACPI: LAPIC (acpi_id[0x37] lapic_id[0x37] disabled)\nMay 10 17:49:19 centos kernel: ACPI: LAPIC (acpi_id[0x38] lapic_id[0x38] disabled)\nMay 10 17:49:19 centos kernel: ACPI: LAPIC (acpi_id[0x39] lapic_id[0x39] disabled)\nMay 10 17:49:19 centos kernel: ACPI: LAPIC (acpi_id[0x3a] lapic_id[0x3a] disabled)\nMay 10 17:49:19 centos kernel: ACPI: LAPIC (acpi_id[0x3b] lapic_id[0x3b] disabled)\nMay 10 17:49:19 centos kernel: ACPI: LAPIC (acpi_id[0x3c] lapic_id[0x3c] disabled)\nMay 10 17:49:19 centos kernel: ACPI: LAPIC (acpi_id[0x3d] lapic_id[0x3d] disabled)\nMay 10 17:49:19 centos kernel: ACPI: LAPIC (acpi_id[0x3e] lapic_id[0x3e] disabled)\nMay 10 17:49:19 centos kernel: ACPI: LAPIC (acpi_id[0x3f] lapic_id[0x3f] disabled)\nMay 10 17:49:19 centos kernel: ACPI: LAPIC (acpi_id[0x40] lapic_id[0x40] disabled)\nMay 10 17:49:19 centos kernel: ACPI: LAPIC (acpi_id[0x41] lapic_id[0x41] disabled)\nMay 10 17:49:19 centos kernel: ACPI: LAPIC (acpi_id[0x42] lapic_id[0x42] disabled)\nMay 10 17:49:19 centos kernel: ACPI: LAPIC (acpi_id[0x43] lapic_id[0x43] disabled)\nMay 10 17:49:19 centos kernel: ACPI: LAPIC (acpi_id[0x44] lapic_id[0x44] disabled)\nMay 10 17:49:19 centos kernel: ACPI: LAPIC (acpi_id[0x45] lapic_id[0x45] disabled)\nMay 10 17:49:19 centos kernel: ACPI: LAPIC (acpi_id[0x46] lapic_id[0x46] disabled)\nMay 10 17:49:19 centos kernel: ACPI: LAPIC (acpi_id[0x47] lapic_id[0x47] disabled)\nMay 10 17:49:19 centos kernel: ACPI: LAPIC (acpi_id[0x48] lapic_id[0x48] disabled)\nMay 10 17:49:19 centos kernel: ACPI: LAPIC (acpi_id[0x49] lapic_id[0x49] disabled)\nMay 10 17:49:19 centos kernel: ACPI: LAPIC (acpi_id[0x4a] lapic_id[0x4a] disabled)\nMay 10 17:49:19 centos kernel: ACPI: LAPIC (acpi_id[0x4b] lapic_id[0x4b] disabled)\nMay 10 17:49:19 centos kernel: ACPI: LAPIC (acpi_id[0x4c] lapic_id[0x4c] disabled)\nMay 10 17:49:19 centos kernel: ACPI: LAPIC (acpi_id[0x4d] lapic_id[0x4d] disabled)\nMay 10 17:49:19 centos kernel: ACPI: LAPIC (acpi_id[0x4e] lapic_id[0x4e] disabled)\nMay 10 17:49:19 centos kernel: ACPI: LAPIC (acpi_id[0x4f] lapic_id[0x4f] disabled)\nMay 10 17:49:19 centos kernel: ACPI: LAPIC (acpi_id[0x50] lapic_id[0x50] disabled)\nMay 10 17:49:19 centos kernel: ACPI: LAPIC (acpi_id[0x51] lapic_id[0x51] disabled)\nMay 10 17:49:19 centos kernel: ACPI: LAPIC (acpi_id[0x52] lapic_id[0x52] disabled)\nMay 10 17:49:19 centos kernel: ACPI: LAPIC (acpi_id[0x53] lapic_id[0x53] disabled)\nMay 10 17:49:19 centos kernel: ACPI: LAPIC (acpi_id[0x54] lapic_id[0x54] disabled)\nMay 10 17:49:19 centos kernel: ACPI: LAPIC (acpi_id[0x55] lapic_id[0x55] disabled)\nMay 10 17:49:19 centos kernel: ACPI: LAPIC (acpi_id[0x56] lapic_id[0x56] disabled)\nMay 10 17:49:19 centos kernel: ACPI: LAPIC (acpi_id[0x57] lapic_id[0x57] disabled)\nMay 10 17:49:19 centos kernel: ACPI: LAPIC (acpi_id[0x58] lapic_id[0x58] disabled)\nMay 10 17:49:19 centos kernel: ACPI: LAPIC (acpi_id[0x59] lapic_id[0x59] disabled)\nMay 10 17:49:19 centos kernel: ACPI: LAPIC (acpi_id[0x5a] lapic_id[0x5a] disabled)\nMay 10 17:49:19 centos kernel: ACPI: LAPIC (acpi_id[0x5b] lapic_id[0x5b] disabled)\nMay 10 17:49:19 centos kernel: ACPI: LAPIC (acpi_id[0x5c] lapic_id[0x5c] disabled)\nMay 10 17:49:19 centos kernel: ACPI: LAPIC (acpi_id[0x5d] lapic_id[0x5d] disabled)\nMay 10 17:49:19 centos kernel: ACPI: LAPIC (acpi_id[0x5e] lapic_id[0x5e] disabled)\nMay 10 17:49:19 centos kernel: ACPI: LAPIC (acpi_id[0x5f] lapic_id[0x5f] disabled)\nMay 10 17:49:19 centos kernel: ACPI: LAPIC (acpi_id[0x60] lapic_id[0x60] disabled)\nMay 10 17:49:19 centos kernel: ACPI: LAPIC (acpi_id[0x61] lapic_id[0x61] disabled)\nMay 10 17:49:19 centos kernel: ACPI: LAPIC (acpi_id[0x62] lapic_id[0x62] disabled)\nMay 10 17:49:19 centos kernel: ACPI: LAPIC (acpi_id[0x63] lapic_id[0x63] disabled)\nMay 10 17:49:19 centos kernel: ACPI: LAPIC (acpi_id[0x64] lapic_id[0x64] disabled)\nMay 10 17:49:19 centos kernel: ACPI: LAPIC (acpi_id[0x65] lapic_id[0x65] disabled)\nMay 10 17:49:19 centos kernel: ACPI: LAPIC (acpi_id[0x66] lapic_id[0x66] disabled)\nMay 10 17:49:19 centos kernel: ACPI: LAPIC (acpi_id[0x67] lapic_id[0x67] disabled)\nMay 10 17:49:19 centos kernel: ACPI: LAPIC (acpi_id[0x68] lapic_id[0x68] disabled)\nMay 10 17:49:19 centos kernel: ACPI: LAPIC (acpi_id[0x69] lapic_id[0x69] disabled)\nMay 10 17:49:19 centos kernel: ACPI: LAPIC (acpi_id[0x6a] lapic_id[0x6a] disabled)\nMay 10 17:49:19 centos kernel: ACPI: LAPIC (acpi_id[0x6b] lapic_id[0x6b] disabled)\nMay 10 17:49:19 centos kernel: ACPI: LAPIC (acpi_id[0x6c] lapic_id[0x6c] disabled)\nMay 10 17:49:19 centos kernel: ACPI: LAPIC (acpi_id[0x6d] lapic_id[0x6d] disabled)\nMay 10 17:49:19 centos kernel: ACPI: LAPIC (acpi_id[0x6e] lapic_id[0x6e] disabled)\nMay 10 17:49:19 centos kernel: ACPI: LAPIC (acpi_id[0x6f] lapic_id[0x6f] disabled)\nMay 10 17:49:19 centos kernel: ACPI: LAPIC (acpi_id[0x70] lapic_id[0x70] disabled)\nMay 10 17:49:19 centos kernel: ACPI: LAPIC (acpi_id[0x71] lapic_id[0x71] disabled)\nMay 10 17:49:19 centos kernel: ACPI: LAPIC (acpi_id[0x72] lapic_id[0x72] disabled)\nMay 10 17:49:19 centos kernel: ACPI: LAPIC (acpi_id[0x73] lapic_id[0x73] disabled)\nMay 10 17:49:19 centos kernel: ACPI: LAPIC (acpi_id[0x74] lapic_id[0x74] disabled)\nMay 10 17:49:19 centos kernel: ACPI: LAPIC (acpi_id[0x75] lapic_id[0x75] disabled)\nMay 10 17:49:19 centos kernel: ACPI: LAPIC (acpi_id[0x76] lapic_id[0x76] disabled)\nMay 10 17:49:19 centos kernel: ACPI: LAPIC (acpi_id[0x77] lapic_id[0x77] disabled)\nMay 10 17:49:19 centos kernel: ACPI: LAPIC (acpi_id[0x78] lapic_id[0x78] disabled)\nMay 10 17:49:19 centos kernel: ACPI: LAPIC (acpi_id[0x79] lapic_id[0x79] disabled)\nMay 10 17:49:19 centos kernel: ACPI: LAPIC (acpi_id[0x7a] lapic_id[0x7a] disabled)\nMay 10 17:49:19 centos kernel: ACPI: LAPIC (acpi_id[0x7b] lapic_id[0x7b] disabled)\nMay 10 17:49:19 centos kernel: ACPI: LAPIC (acpi_id[0x7c] lapic_id[0x7c] disabled)\nMay 10 17:49:19 centos kernel: ACPI: LAPIC (acpi_id[0x7d] lapic_id[0x7d] disabled)\nMay 10 17:49:19 centos kernel: ACPI: LAPIC (acpi_id[0x7e] lapic_id[0x7e] disabled)\nMay 10 17:49:19 centos kernel: ACPI: LAPIC (acpi_id[0x7f] lapic_id[0x7f] disabled)\nMay 10 17:49:19 centos kernel: ACPI: LAPIC_NMI (acpi_id[0x00] high edge lint[0x1])\nMay 10 17:49:19 centos kernel: ACPI: LAPIC_NMI (acpi_id[0x01] high edge lint[0x1])\nMay 10 17:49:19 centos kernel: ACPI: LAPIC_NMI (acpi_id[0x02] high edge lint[0x1])\nMay 10 17:49:19 centos kernel: ACPI: LAPIC_NMI (acpi_id[0x03] high edge lint[0x1])\nMay 10 17:49:19 centos kernel: ACPI: LAPIC_NMI (acpi_id[0x04] high edge lint[0x1])\nMay 10 17:49:19 centos kernel: ACPI: LAPIC_NMI (acpi_id[0x05] high edge lint[0x1])\nMay 10 17:49:19 centos kernel: ACPI: LAPIC_NMI (acpi_id[0x06] high edge lint[0x1])\nMay 10 17:49:19 centos kernel: ACPI: LAPIC_NMI (acpi_id[0x07] high edge lint[0x1])\nMay 10 17:49:19 centos kernel: ACPI: LAPIC_NMI (acpi_id[0x08] high edge lint[0x1])\nMay 10 17:49:19 centos kernel: ACPI: LAPIC_NMI (acpi_id[0x09] high edge lint[0x1])\nMay 10 17:49:19 centos kernel: ACPI: LAPIC_NMI (acpi_id[0x0a] high edge lint[0x1])\nMay 10 17:49:19 centos kernel: ACPI: LAPIC_NMI (acpi_id[0x0b] high edge lint[0x1])\nMay 10 17:49:19 centos kernel: ACPI: LAPIC_NMI (acpi_id[0x0c] high edge lint[0x1])\nMay 10 17:49:19 centos kernel: ACPI: LAPIC_NMI (acpi_id[0x0d] high edge lint[0x1])\nMay 10 17:49:19 centos kernel: ACPI: LAPIC_NMI (acpi_id[0x0e] high edge lint[0x1])\nMay 10 17:49:19 centos kernel: ACPI: LAPIC_NMI (acpi_id[0x0f] high edge lint[0x1])\nMay 10 17:49:19 centos kernel: ACPI: LAPIC_NMI (acpi_id[0x10] high edge lint[0x1])\nMay 10 17:49:19 centos kernel: ACPI: LAPIC_NMI (acpi_id[0x11] high edge lint[0x1])\nMay 10 17:49:19 centos kernel: ACPI: LAPIC_NMI (acpi_id[0x12] high edge lint[0x1])\nMay 10 17:49:19 centos kernel: ACPI: LAPIC_NMI (acpi_id[0x13] high edge lint[0x1])\nMay 10 17:49:19 centos kernel: ACPI: LAPIC_NMI (acpi_id[0x14] high edge lint[0x1])\nMay 10 17:49:19 centos kernel: ACPI: LAPIC_NMI (acpi_id[0x15] high edge lint[0x1])\nMay 10 17:49:19 centos kernel: ACPI: LAPIC_NMI (acpi_id[0x16] high edge lint[0x1])\nMay 10 17:49:19 centos kernel: ACPI: LAPIC_NMI (acpi_id[0x17] high edge lint[0x1])\nMay 10 17:49:19 centos kernel: ACPI: LAPIC_NMI (acpi_id[0x18] high edge lint[0x1])\nMay 10 17:49:19 centos kernel: ACPI: LAPIC_NMI (acpi_id[0x19] high edge lint[0x1])\nMay 10 17:49:19 centos kernel: ACPI: LAPIC_NMI (acpi_id[0x1a] high edge lint[0x1])\nMay 10 17:49:19 centos kernel: ACPI: LAPIC_NMI (acpi_id[0x1b] high edge lint[0x1])\nMay 10 17:49:19 centos kernel: ACPI: LAPIC_NMI (acpi_id[0x1c] high edge lint[0x1])\nMay 10 17:49:19 centos kernel: ACPI: LAPIC_NMI (acpi_id[0x1d] high edge lint[0x1])\nMay 10 17:49:19 centos kernel: ACPI: LAPIC_NMI (acpi_id[0x1e] high edge lint[0x1])\nMay 10 17:49:19 centos kernel: ACPI: LAPIC_NMI (acpi_id[0x1f] high edge lint[0x1])\nMay 10 17:49:19 centos kernel: ACPI: LAPIC_NMI (acpi_id[0x20] high edge lint[0x1])\nMay 10 17:49:19 centos kernel: ACPI: LAPIC_NMI (acpi_id[0x21] high edge lint[0x1])\nMay 10 17:49:19 centos kernel: ACPI: LAPIC_NMI (acpi_id[0x22] high edge lint[0x1])\nMay 10 17:49:19 centos kernel: ACPI: LAPIC_NMI (acpi_id[0x23] high edge lint[0x1])\nMay 10 17:49:19 centos kernel: ACPI: LAPIC_NMI (acpi_id[0x24] high edge lint[0x1])\nMay 10 17:49:19 centos kernel: ACPI: LAPIC_NMI (acpi_id[0x25] high edge lint[0x1])\nMay 10 17:49:19 centos kernel: ACPI: LAPIC_NMI (acpi_id[0x26] high edge lint[0x1])\nMay 10 17:49:19 centos kernel: ACPI: LAPIC_NMI (acpi_id[0x27] high edge lint[0x1])\nMay 10 17:49:19 centos kernel: ACPI: LAPIC_NMI (acpi_id[0x28] high edge lint[0x1])\nMay 10 17:49:19 centos kernel: ACPI: LAPIC_NMI (acpi_id[0x29] high edge lint[0x1])\nMay 10 17:49:19 centos kernel: ACPI: LAPIC_NMI (acpi_id[0x2a] high edge lint[0x1])\nMay 10 17:49:19 centos kernel: ACPI: LAPIC_NMI (acpi_id[0x2b] high edge lint[0x1])\nMay 10 17:49:19 centos kernel: ACPI: LAPIC_NMI (acpi_id[0x2c] high edge lint[0x1])\nMay 10 17:49:19 centos kernel: ACPI: LAPIC_NMI (acpi_id[0x2d] high edge lint[0x1])\nMay 10 17:49:19 centos kernel: ACPI: LAPIC_NMI (acpi_id[0x2e] high edge lint[0x1])\nMay 10 17:49:19 centos kernel: ACPI: LAPIC_NMI (acpi_id[0x2f] high edge lint[0x1])\nMay 10 17:49:19 centos kernel: ACPI: LAPIC_NMI (acpi_id[0x30] high edge lint[0x1])\nMay 10 17:49:19 centos kernel: ACPI: LAPIC_NMI (acpi_id[0x31] high edge lint[0x1])\nMay 10 17:49:19 centos kernel: ACPI: LAPIC_NMI (acpi_id[0x32] high edge lint[0x1])\nMay 10 17:49:19 centos kernel: ACPI: LAPIC_NMI (acpi_id[0x33] high edge lint[0x1])\nMay 10 17:49:19 centos kernel: ACPI: LAPIC_NMI (acpi_id[0x34] high edge lint[0x1])\nMay 10 17:49:19 centos kernel: ACPI: LAPIC_NMI (acpi_id[0x35] high edge lint[0x1])\nMay 10 17:49:19 centos kernel: ACPI: LAPIC_NMI (acpi_id[0x36] high edge lint[0x1])\nMay 10 17:49:19 centos kernel: ACPI: LAPIC_NMI (acpi_id[0x37] high edge lint[0x1])\nMay 10 17:49:19 centos kernel: ACPI: LAPIC_NMI (acpi_id[0x38] high edge lint[0x1])\nMay 10 17:49:19 centos kernel: ACPI: LAPIC_NMI (acpi_id[0x39] high edge lint[0x1])\nMay 10 17:49:19 centos kernel: ACPI: LAPIC_NMI (acpi_id[0x3a] high edge lint[0x1])\nMay 10 17:49:19 centos kernel: ACPI: LAPIC_NMI (acpi_id[0x3b] high edge lint[0x1])\nMay 10 17:49:19 centos kernel: ACPI: LAPIC_NMI (acpi_id[0x3c] high edge lint[0x1])\nMay 10 17:49:19 centos kernel: ACPI: LAPIC_NMI (acpi_id[0x3d] high edge lint[0x1])\nMay 10 17:49:19 centos kernel: ACPI: LAPIC_NMI (acpi_id[0x3e] high edge lint[0x1])\nMay 10 17:49:19 centos kernel: ACPI: LAPIC_NMI (acpi_id[0x3f] high edge lint[0x1])\nMay 10 17:49:19 centos kernel: ACPI: LAPIC_NMI (acpi_id[0x40] high edge lint[0x1])\nMay 10 17:49:19 centos kernel: ACPI: LAPIC_NMI (acpi_id[0x41] high edge lint[0x1])\nMay 10 17:49:19 centos kernel: ACPI: LAPIC_NMI (acpi_id[0x42] high edge lint[0x1])\nMay 10 17:49:19 centos kernel: ACPI: LAPIC_NMI (acpi_id[0x43] high edge lint[0x1])\nMay 10 17:49:19 centos kernel: ACPI: LAPIC_NMI (acpi_id[0x44] high edge lint[0x1])\nMay 10 17:49:19 centos kernel: ACPI: LAPIC_NMI (acpi_id[0x45] high edge lint[0x1])\nMay 10 17:49:19 centos kernel: ACPI: LAPIC_NMI (acpi_id[0x46] high edge lint[0x1])\nMay 10 17:49:19 centos kernel: ACPI: LAPIC_NMI (acpi_id[0x47] high edge lint[0x1])\nMay 10 17:49:19 centos kernel: ACPI: LAPIC_NMI (acpi_id[0x48] high edge lint[0x1])\nMay 10 17:49:19 centos kernel: ACPI: LAPIC_NMI (acpi_id[0x49] high edge lint[0x1])\nMay 10 17:49:19 centos kernel: ACPI: LAPIC_NMI (acpi_id[0x4a] high edge lint[0x1])\nMay 10 17:49:19 centos kernel: ACPI: LAPIC_NMI (acpi_id[0x4b] high edge lint[0x1])\nMay 10 17:49:19 centos kernel: ACPI: LAPIC_NMI (acpi_id[0x4c] high edge lint[0x1])\nMay 10 17:49:19 centos kernel: ACPI: LAPIC_NMI (acpi_id[0x4d] high edge lint[0x1])\nMay 10 17:49:19 centos kernel: ACPI: LAPIC_NMI (acpi_id[0x4e] high edge lint[0x1])\nMay 10 17:49:19 centos kernel: ACPI: LAPIC_NMI (acpi_id[0x4f] high edge lint[0x1])\nMay 10 17:49:19 centos kernel: ACPI: LAPIC_NMI (acpi_id[0x50] high edge lint[0x1])\nMay 10 17:49:19 centos kernel: ACPI: LAPIC_NMI (acpi_id[0x51] high edge lint[0x1])\nMay 10 17:49:19 centos kernel: ACPI: LAPIC_NMI (acpi_id[0x52] high edge lint[0x1])\nMay 10 17:49:19 centos kernel: ACPI: LAPIC_NMI (acpi_id[0x53] high edge lint[0x1])\nMay 10 17:49:19 centos kernel: ACPI: LAPIC_NMI (acpi_id[0x54] high edge lint[0x1])\nMay 10 17:49:19 centos kernel: ACPI: LAPIC_NMI (acpi_id[0x55] high edge lint[0x1])\nMay 10 17:49:19 centos kernel: ACPI: LAPIC_NMI (acpi_id[0x56] high edge lint[0x1])\nMay 10 17:49:19 centos kernel: ACPI: LAPIC_NMI (acpi_id[0x57] high edge lint[0x1])\nMay 10 17:49:19 centos kernel: ACPI: LAPIC_NMI (acpi_id[0x58] high edge lint[0x1])\nMay 10 17:49:19 centos kernel: ACPI: LAPIC_NMI (acpi_id[0x59] high edge lint[0x1])\nMay 10 17:49:19 centos kernel: ACPI: LAPIC_NMI (acpi_id[0x5a] high edge lint[0x1])\nMay 10 17:49:19 centos kernel: ACPI: LAPIC_NMI (acpi_id[0x5b] high edge lint[0x1])\nMay 10 17:49:19 centos kernel: ACPI: LAPIC_NMI (acpi_id[0x5c] high edge lint[0x1])\nMay 10 17:49:19 centos kernel: ACPI: LAPIC_NMI (acpi_id[0x5d] high edge lint[0x1])\nMay 10 17:49:19 centos kernel: ACPI: LAPIC_NMI (acpi_id[0x5e] high edge lint[0x1])\nMay 10 17:49:19 centos kernel: ACPI: LAPIC_NMI (acpi_id[0x5f] high edge lint[0x1])\nMay 10 17:49:19 centos kernel: ACPI: LAPIC_NMI (acpi_id[0x60] high edge lint[0x1])\nMay 10 17:49:19 centos kernel: ACPI: LAPIC_NMI (acpi_id[0x61] high edge lint[0x1])\nMay 10 17:49:19 centos kernel: ACPI: LAPIC_NMI (acpi_id[0x62] high edge lint[0x1])\nMay 10 17:49:19 centos kernel: ACPI: LAPIC_NMI (acpi_id[0x63] high edge lint[0x1])\nMay 10 17:49:19 centos kernel: ACPI: LAPIC_NMI (acpi_id[0x64] high edge lint[0x1])\nMay 10 17:49:19 centos kernel: ACPI: LAPIC_NMI (acpi_id[0x65] high edge lint[0x1])\nMay 10 17:49:19 centos kernel: ACPI: LAPIC_NMI (acpi_id[0x66] high edge lint[0x1])\nMay 10 17:49:19 centos kernel: ACPI: LAPIC_NMI (acpi_id[0x67] high edge lint[0x1])\nMay 10 17:49:19 centos kernel: ACPI: LAPIC_NMI (acpi_id[0x68] high edge lint[0x1])\nMay 10 17:49:19 centos kernel: ACPI: LAPIC_NMI (acpi_id[0x69] high edge lint[0x1])\nMay 10 17:49:19 centos kernel: ACPI: LAPIC_NMI (acpi_id[0x6a] high edge lint[0x1])\nMay 10 17:49:19 centos kernel: ACPI: LAPIC_NMI (acpi_id[0x6b] high edge lint[0x1])\nMay 10 17:49:19 centos kernel: ACPI: LAPIC_NMI (acpi_id[0x6c] high edge lint[0x1])\nMay 10 17:49:19 centos kernel: ACPI: LAPIC_NMI (acpi_id[0x6d] high edge lint[0x1])\nMay 10 17:49:19 centos kernel: ACPI: LAPIC_NMI (acpi_id[0x6e] high edge lint[0x1])\nMay 10 17:49:19 centos kernel: ACPI: LAPIC_NMI (acpi_id[0x6f] high edge lint[0x1])\nMay 10 17:49:19 centos kernel: ACPI: LAPIC_NMI (acpi_id[0x70] high edge lint[0x1])\nMay 10 17:49:19 centos kernel: ACPI: LAPIC_NMI (acpi_id[0x71] high edge lint[0x1])\nMay 10 17:49:19 centos kernel: ACPI: LAPIC_NMI (acpi_id[0x72] high edge lint[0x1])\nMay 10 17:49:19 centos kernel: ACPI: LAPIC_NMI (acpi_id[0x73] high edge lint[0x1])\nMay 10 17:49:19 centos kernel: ACPI: LAPIC_NMI (acpi_id[0x74] high edge lint[0x1])\nMay 10 17:49:19 centos kernel: ACPI: LAPIC_NMI (acpi_id[0x75] high edge lint[0x1])\nMay 10 17:49:19 centos kernel: ACPI: LAPIC_NMI (acpi_id[0x76] high edge lint[0x1])\nMay 10 17:49:19 centos kernel: ACPI: LAPIC_NMI (acpi_id[0x77] high edge lint[0x1])\nMay 10 17:49:19 centos kernel: ACPI: LAPIC_NMI (acpi_id[0x78] high edge lint[0x1])\nMay 10 17:49:19 centos kernel: ACPI: LAPIC_NMI (acpi_id[0x79] high edge lint[0x1])\nMay 10 17:49:19 centos kernel: ACPI: LAPIC_NMI (acpi_id[0x7a] high edge lint[0x1])\nMay 10 17:49:19 centos kernel: ACPI: LAPIC_NMI (acpi_id[0x7b] high edge lint[0x1])\nMay 10 17:49:19 centos kernel: ACPI: LAPIC_NMI (acpi_id[0x7c] high edge lint[0x1])\nMay 10 17:49:19 centos kernel: ACPI: LAPIC_NMI (acpi_id[0x7d] high edge lint[0x1])\nMay 10 17:49:19 centos kernel: ACPI: LAPIC_NMI (acpi_id[0x7e] high edge lint[0x1])\nMay 10 17:49:19 centos kernel: ACPI: LAPIC_NMI (acpi_id[0x7f] high edge lint[0x1])\nMay 10 17:49:19 centos kernel: ACPI: IOAPIC (id[0x80] address[0xfec00000] gsi_base[0])\nMay 10 17:49:19 centos kernel: IOAPIC[0]: apic_id 128, version 17, address 0xfec00000, GSI 0-23\nMay 10 17:49:19 centos kernel: ACPI: INT_SRC_OVR (bus 0 bus_irq 0 global_irq 2 high edge)\nMay 10 17:49:19 centos kernel: Using ACPI (MADT) for SMP configuration information\nMay 10 17:49:19 centos kernel: ACPI: HPET id: 0x8086af01 base: 0xfed00000\nMay 10 17:49:19 centos kernel: smpboot: Allowing 128 CPUs, 124 hotplug CPUs\nMay 10 17:49:19 centos kernel: PM: Registered nosave memory: [mem 0x0009e000-0x0009efff]\nMay 10 17:49:19 centos kernel: PM: Registered nosave memory: [mem 0x0009f000-0x0009ffff]\nMay 10 17:49:19 centos kernel: PM: Registered nosave memory: [mem 0x000a0000-0x000dbfff]\nMay 10 17:49:19 centos kernel: PM: Registered nosave memory: [mem 0x000dc000-0x000fffff]\nMay 10 17:49:19 centos kernel: PM: Registered nosave memory: [mem 0xbfed0000-0xbfefefff]\nMay 10 17:49:19 centos kernel: PM: Registered nosave memory: [mem 0xbfeff000-0xbfefffff]\nMay 10 17:49:19 centos kernel: PM: Registered nosave memory: [mem 0xc0000000-0xefffffff]\nMay 10 17:49:19 centos kernel: PM: Registered nosave memory: [mem 0xf0000000-0xf7ffffff]\nMay 10 17:49:19 centos kernel: PM: Registered nosave memory: [mem 0xf8000000-0xfebfffff]\nMay 10 17:49:19 centos kernel: PM: Registered nosave memory: [mem 0xfec00000-0xfec0ffff]\nMay 10 17:49:19 centos kernel: PM: Registered nosave memory: [mem 0xfec10000-0xfedfffff]\nMay 10 17:49:19 centos kernel: PM: Registered nosave memory: [mem 0xfee00000-0xfee00fff]\nMay 10 17:49:19 centos kernel: PM: Registered nosave memory: [mem 0xfee01000-0xfffdffff]\nMay 10 17:49:19 centos kernel: PM: Registered nosave memory: [mem 0xfffe0000-0xffffffff]\nMay 10 17:49:19 centos kernel: e820: [mem 0xc0000000-0xefffffff] available for PCI devices\nMay 10 17:49:19 centos kernel: Booting paravirtualized kernel on bare hardware\nMay 10 17:49:19 centos kernel: setup_percpu: NR_CPUS:5120 nr_cpumask_bits:128 nr_cpu_ids:128 nr_node_ids:1\nMay 10 17:49:19 centos kernel: PERCPU: Embedded 33 pages/cpu @ffff880235600000 s96728 r8192 d30248 u262144\nMay 10 17:49:19 centos kernel: Built 1 zonelists in Zone order, mobility grouping on.  Total pages: 2064216\nMay 10 17:49:19 centos kernel: Policy zone: Normal\nMay 10 17:49:19 centos kernel: Kernel command line: BOOT_IMAGE=/vmlinuz-3.10.0-514.el7.x86_64 root=UUID=c7e69c19-89e1-4c2b-8161-706715cc577d ro crashkernel=auto rhgb quiet LANG=en_US.UTF-8\nMay 10 17:49:19 centos kernel: PID hash table entries: 4096 (order: 3, 32768 bytes)\nMay 10 17:49:19 centos kernel: x86/fpu: xstate_offset[2]: 0240, xstate_sizes[2]: 0100\nMay 10 17:49:19 centos kernel: xsave: enabled xstate_bv 0x7, cntxt size 0x340 using standard form\nMay 10 17:49:19 centos kernel: Memory: 5099152k/9437184k available (6764k kernel code, 1049164k absent, 423084k reserved, 4433k data, 1680k init)\nMay 10 17:49:19 centos kernel: SLUB: HWalign=64, Order=0-3, MinObjects=0, CPUs=128, Nodes=1\nMay 10 17:49:19 centos kernel: Hierarchical RCU implementation.\nMay 10 17:49:19 centos kernel: #011RCU restricting CPUs from NR_CPUS=5120 to nr_cpu_ids=128.\nMay 10 17:49:19 centos kernel: NR_IRQS:327936 nr_irqs:1448 0\nMay 10 17:49:19 centos kernel: Console: colour VGA+ 80x25\nMay 10 17:49:19 centos kernel: console [tty0] enabled\nMay 10 17:49:19 centos kernel: allocated 33554432 bytes of page_cgroup\nMay 10 17:49:19 centos kernel: please try \'cgroup_disable=memory\' option if you don\'t want memory cgroups\nMay 10 17:49:19 centos kernel: tsc: Fast TSC calibration using PIT\nMay 10 17:49:19 centos kernel: TSC freq read from hypervisor : 2998.265 MHz\nMay 10 17:49:19 centos kernel: tsc: Detected 2997.142 MHz processor\nMay 10 17:49:19 centos kernel: Calibrating delay loop (skipped) preset value.. 5996.53 BogoMIPS (lpj=2998265)\nMay 10 17:49:19 centos kernel: pid_max: default: 131072 minimum: 1024\nMay 10 17:49:19 centos kernel: Security Framework initialized\nMay 10 17:49:19 centos kernel: SELinux:  Initializing.\nMay 10 17:49:19 centos kernel: Dentry cache hash table entries: 1048576 (order: 11, 8388608 bytes)\nMay 10 17:49:19 centos kernel: Inode-cache hash table entries: 524288 (order: 10, 4194304 bytes)\nMay 10 17:49:19 centos kernel: Mount-cache hash table entries: 4096\nMay 10 17:49:19 centos kernel: Initializing cgroup subsys memory\nMay 10 17:49:19 centos kernel: Initializing cgroup subsys devices\nMay 10 17:49:19 centos kernel: Initializing cgroup subsys freezer\nMay 10 17:49:19 centos kernel: Initializing cgroup subsys net_cls\nMay 10 17:49:19 centos kernel: Initializing cgroup subsys blkio\nMay 10 17:49:19 centos kernel: Initializing cgroup subsys perf_event\nMay 10 17:49:19 centos kernel: Initializing cgroup subsys hugetlb\nMay 10 17:49:19 centos kernel: Initializing cgroup subsys pids\nMay 10 17:49:19 centos kernel: Initializing cgroup subsys net_prio\nMay 10 17:49:19 centos kernel: Disabled fast string operations\nMay 10 17:49:19 centos kernel: CPU: Physical Processor ID: 0\nMay 10 17:49:19 centos kernel: CPU: Processor Core ID: 0\nMay 10 17:49:19 centos kernel: ENERGY_PERF_BIAS: Set to \'normal\', was \'performance\'\nMay 10 17:49:19 centos kernel: ENERGY_PERF_BIAS: View and update with x86_energy_perf_policy(8)\nMay 10 17:49:19 centos kernel: mce: CPU supports 0 MCE banks\nMay 10 17:49:19 centos kernel: Last level iTLB entries: 4KB 0, 2MB 0, 4MB 0\nMay 10 17:49:19 centos kernel: Last level dTLB entries: 4KB 64, 2MB 0, 4MB 0\nMay 10 17:49:19 centos kernel: tlb_flushall_shift: 6\nMay 10 17:49:19 centos kernel: Freeing SMP alternatives: 28k freed\nMay 10 17:49:19 centos kernel: ACPI: Core revision 20130517\nMay 10 17:49:19 centos kernel: ACPI: All ACPI Tables successfully acquired\nMay 10 17:49:19 centos kernel: ftrace: allocating 25811 entries in 101 pages\nMay 10 17:49:19 centos kernel: smpboot: Max logical packages: 64\nMay 10 17:49:19 centos kernel: smpboot: APIC(0) Converting physical 0 to logical package 0\nMay 10 17:49:19 centos kernel: smpboot: APIC(2) Converting physical 1 to logical package 1\nMay 10 17:49:19 centos kernel: Enabling x2apic\nMay 10 17:49:19 centos kernel: Enabled x2apic\nMay 10 17:49:19 centos kernel: Switched APIC routing to physical x2apic.\nMay 10 17:49:19 centos kernel: ..TIMER: vector=0x30 apic1=0 pin1=2 apic2=-1 pin2=-1\nMay 10 17:49:19 centos kernel: smpboot: CPU0: Intel(R) Core(TM) i7-5960X CPU @ 3.00GHz (fam: 06, model: 3f, stepping: 02)\nMay 10 17:49:19 centos kernel: Performance Events: 16-deep LBR, Haswell events, core PMU driver.\nMay 10 17:49:19 centos kernel: core: CPUID marked event: \'cpu cycles\' unavailable\nMay 10 17:49:19 centos kernel: core: CPUID marked event: \'instructions\' unavailable\nMay 10 17:49:19 centos kernel: core: CPUID marked event: \'bus cycles\' unavailable\nMay 10 17:49:19 centos kernel: core: CPUID marked event: \'cache references\' unavailable\nMay 10 17:49:19 centos kernel: core: CPUID marked event: \'cache misses\' unavailable\nMay 10 17:49:19 centos kernel: core: CPUID marked event: \'branch instructions\' unavailable\nMay 10 17:49:19 centos kernel: core: CPUID marked event: \'branch misses\' unavailable\nMay 10 17:49:19 centos kernel: ... version:                1\nMay 10 17:49:19 centos kernel: ... bit width:              48\nMay 10 17:49:19 centos kernel: ... generic registers:      4\nMay 10 17:49:19 centos kernel: ... value mask:             0000ffffffffffff\nMay 10 17:49:19 centos kernel: ... max period:             000000007fffffff\nMay 10 17:49:19 centos kernel: ... fixed-purpose events:   0\nMay 10 17:49:19 centos kernel: ... event mask:             000000000000000f\nMay 10 17:49:19 centos kernel: NMI watchdog: disabled (cpu0): hardware events not enabled\nMay 10 17:49:19 centos kernel: NMI watchdog: Shutting down hard lockup detector on all cpus\nMay 10 17:49:19 centos kernel: Disabled fast string operations\nMay 10 17:49:19 centos kernel: mce: CPU supports 0 MCE banks\nMay 10 17:49:19 centos kernel: Disabled fast string operations\nMay 10 17:49:19 centos kernel: mce: CPU supports 0 MCE banks\nMay 10 17:49:19 centos kernel: Disabled fast string operations\nMay 10 17:49:19 centos kernel: mce: CPU supports 0 MCE banks\nMay 10 17:49:19 centos kernel: smpboot: Booting Node   0, Processors  #1 #2 #3\nMay 10 17:49:19 centos kernel: Brought up 4 CPUs\nMay 10 17:49:19 centos kernel: smpboot: Total of 4 processors activated (23986.12 BogoMIPS)\nMay 10 17:49:19 centos kernel: node 0 initialised, 716444 pages in 7ms\nMay 10 17:49:19 centos kernel: devtmpfs: initialized\nMay 10 17:49:19 centos kernel: EVM: security.selinux\nMay 10 17:49:19 centos kernel: EVM: security.ima\nMay 10 17:49:19 centos kernel: EVM: security.capability\nMay 10 17:49:19 centos kernel: PM: Registering ACPI NVS region [mem 0xbfeff000-0xbfefffff] (4096 bytes)\nMay 10 17:49:19 centos kernel: atomic64 test passed for x86-64 platform with CX8 and with SSE\nMay 10 17:49:19 centos kernel: pinctrl core: initialized pinctrl subsystem\nMay 10 17:49:19 centos kernel: NET: Registered protocol family 16\nMay 10 17:49:19 centos kernel: ACPI: bus type PCI registered\nMay 10 17:49:19 centos kernel: acpiphp: ACPI Hot Plug PCI Controller Driver version: 0.5\nMay 10 17:49:19 centos kernel: PCI: MMCONFIG for domain 0000 [bus 00-7f] at [mem 0xf0000000-0xf7ffffff] (base 0xf0000000)\nMay 10 17:49:19 centos kernel: PCI: MMCONFIG at [mem 0xf0000000-0xf7ffffff] reserved in E820\nMay 10 17:49:19 centos kernel: pmd_set_huge: Cannot satisfy [mem 0xf0000000-0xf0200000] with a huge-page mapping due to MTRR override.\nMay 10 17:49:19 centos kernel: PCI: Using configuration type 1 for base access\nMay 10 17:49:19 centos kernel: core: PMU erratum BJ122, BV98, HSD29 workaround disabled, HT off\nMay 10 17:49:19 centos kernel: ACPI: Added _OSI(Module Device)\nMay 10 17:49:19 centos kernel: ACPI: Added _OSI(Processor Device)\nMay 10 17:49:19 centos kernel: ACPI: Added _OSI(3.0 _SCP Extensions)\nMay 10 17:49:19 centos kernel: ACPI: Added _OSI(Processor Aggregator Device)\nMay 10 17:49:19 centos kernel: [Firmware Bug]: ACPI: BIOS _OSI(Linux) query ignored\nMay 10 17:49:19 centos kernel: ACPI: Interpreter enabled\nMay 10 17:49:19 centos kernel: ACPI: (supports S0 S1 S4 S5)\nMay 10 17:49:19 centos kernel: ACPI: Using IOAPIC for interrupt routing\nMay 10 17:49:19 centos kernel: PCI: Using host bridge windows from ACPI; if necessary, use "pci=nocrs" and report a bug\nMay 10 17:49:19 centos kernel: ACPI: PCI Root Bridge [PCI0] (domain 0000 [bus 00-7f])\nMay 10 17:49:19 centos kernel: acpi PNP0A03:00: _OSC: OS supports [ExtendedConfig ASPM ClockPM Segments MSI]\nMay 10 17:49:19 centos kernel: acpi PNP0A03:00: _OSC: platform does not support [AER]\nMay 10 17:49:19 centos kernel: acpi PNP0A03:00: _OSC: OS now controls [PCIeHotplug PME PCIeCapability]\nMay 10 17:49:19 centos kernel: PCI host bridge to bus 0000:00\nMay 10 17:49:19 centos kernel: pci_bus 0000:00: root bus resource [bus 00-7f]\nMay 10 17:49:19 centos kernel: pci_bus 0000:00: root bus resource [mem 0x000a0000-0x000bffff window]\nMay 10 17:49:19 centos kernel: pci_bus 0000:00: root bus resource [mem 0x000cc000-0x000cffff window]\nMay 10 17:49:19 centos kernel: pci_bus 0000:00: root bus resource [mem 0x000d0000-0x000d3fff window]\nMay 10 17:49:19 centos kernel: pci_bus 0000:00: root bus resource [mem 0x000d4000-0x000d7fff window]\nMay 10 17:49:19 centos kernel: pci_bus 0000:00: root bus resource [mem 0x000d8000-0x000dbfff window]\nMay 10 17:49:19 centos kernel: pci_bus 0000:00: root bus resource [mem 0xc0000000-0xfebfffff window]\nMay 10 17:49:19 centos kernel: pci_bus 0000:00: root bus resource [io  0x0000-0x0cf7 window]\nMay 10 17:49:19 centos kernel: pci_bus 0000:00: root bus resource [io  0x0d00-0xfeff window]\nMay 10 17:49:19 centos kernel: pci 0000:00:07.1: legacy IDE quirk: reg 0x10: [io  0x01f0-0x01f7]\nMay 10 17:49:19 centos kernel: pci 0000:00:07.1: legacy IDE quirk: reg 0x14: [io  0x03f6]\nMay 10 17:49:19 centos kernel: pci 0000:00:07.1: legacy IDE quirk: reg 0x18: [io  0x0170-0x0177]\nMay 10 17:49:19 centos kernel: pci 0000:00:07.1: legacy IDE quirk: reg 0x1c: [io  0x0376]\nMay 10 17:49:19 centos kernel: pci 0000:00:07.3: quirk: [io  0x1000-0x103f] claimed by PIIX4 ACPI\nMay 10 17:49:19 centos kernel: pci 0000:00:07.3: quirk: [io  0x1040-0x104f] claimed by PIIX4 SMB\nMay 10 17:49:19 centos kernel: pci 0000:00:11.0: System wakeup disabled by ACPI\nMay 10 17:49:19 centos kernel: pci 0000:00:15.0: System wakeup disabled by ACPI\nMay 10 17:49:19 centos kernel: pci 0000:00:15.1: System wakeup disabled by ACPI\nMay 10 17:49:19 centos kernel: pci 0000:00:15.2: System wakeup disabled by ACPI\nMay 10 17:49:19 centos kernel: pci 0000:00:15.3: System wakeup disabled by ACPI\nMay 10 17:49:19 centos kernel: pci 0000:00:15.4: System wakeup disabled by ACPI\nMay 10 17:49:19 centos kernel: pci 0000:00:15.5: System wakeup disabled by ACPI\nMay 10 17:49:19 centos kernel: pci 0000:00:15.6: System wakeup disabled by ACPI\nMay 10 17:49:19 centos kernel: pci 0000:00:15.7: System wakeup disabled by ACPI\nMay 10 17:49:19 centos kernel: pci 0000:00:16.0: System wakeup disabled by ACPI\nMay 10 17:49:19 centos kernel: pci 0000:00:16.1: System wakeup disabled by ACPI\nMay 10 17:49:19 centos kernel: pci 0000:00:16.2: System wakeup disabled by ACPI\nMay 10 17:49:19 centos kernel: pci 0000:00:16.3: System wakeup disabled by ACPI\nMay 10 17:49:19 centos kernel: pci 0000:00:16.4: System wakeup disabled by ACPI\nMay 10 17:49:19 centos kernel: pci 0000:00:16.5: System wakeup disabled by ACPI\nMay 10 17:49:19 centos kernel: pci 0000:00:16.6: System wakeup disabled by ACPI\nMay 10 17:49:19 centos kernel: pci 0000:00:16.7: System wakeup disabled by ACPI\nMay 10 17:49:19 centos kernel: pci 0000:00:17.0: System wakeup disabled by ACPI\nMay 10 17:49:19 centos kernel: pci 0000:00:17.1: System wakeup disabled by ACPI\nMay 10 17:49:19 centos kernel: pci 0000:00:17.2: System wakeup disabled by ACPI\nMay 10 17:49:19 centos kernel: pci 0000:00:17.3: System wakeup disabled by ACPI\nMay 10 17:49:19 centos kernel: pci 0000:00:17.4: System wakeup disabled by ACPI\nMay 10 17:49:19 centos kernel: pci 0000:00:17.5: System wakeup disabled by ACPI\nMay 10 17:49:19 centos kernel: pci 0000:00:17.6: System wakeup disabled by ACPI\nMay 10 17:49:19 centos kernel: pci 0000:00:17.7: System wakeup disabled by ACPI\nMay 10 17:49:19 centos kernel: pci 0000:00:18.0: System wakeup disabled by ACPI\nMay 10 17:49:19 centos kernel: pci 0000:00:18.1: System wakeup disabled by ACPI\nMay 10 17:49:19 centos kernel: pci 0000:00:18.2: System wakeup disabled by ACPI\nMay 10 17:49:19 centos kernel: pci 0000:00:18.3: System wakeup disabled by ACPI\nMay 10 17:49:19 centos kernel: pci 0000:00:18.4: System wakeup disabled by ACPI\nMay 10 17:49:19 centos kernel: pci 0000:00:18.5: System wakeup disabled by ACPI\nMay 10 17:49:19 centos kernel: pci 0000:00:18.6: System wakeup disabled by ACPI\nMay 10 17:49:19 centos kernel: pci 0000:00:18.7: System wakeup disabled by ACPI\nMay 10 17:49:19 centos kernel: pci 0000:00:01.0: PCI bridge to [bus 01]\nMay 10 17:49:19 centos kernel: acpiphp: Slot [32] registered\nMay 10 17:49:19 centos kernel: acpiphp: Slot [33] registered\nMay 10 17:49:19 centos kernel: acpiphp: Slot [34] registered\nMay 10 17:49:19 centos kernel: acpiphp: Slot [35] registered\nMay 10 17:49:19 centos kernel: acpiphp: Slot [36] registered\nMay 10 17:49:19 centos kernel: acpiphp: Slot [37] registered\nMay 10 17:49:19 centos kernel: acpiphp: Slot [38] registered\nMay 10 17:49:19 centos kernel: acpiphp: Slot [39] registered\nMay 10 17:49:19 centos kernel: acpiphp: Slot [40] registered\nMay 10 17:49:19 centos kernel: acpiphp: Slot [41] registered\nMay 10 17:49:19 centos kernel: acpiphp: Slot [42] registered\nMay 10 17:49:19 centos kernel: acpiphp: Slot [43] registered\nMay 10 17:49:19 centos kernel: acpiphp: Slot [44] registered\nMay 10 17:49:19 centos kernel: acpiphp: Slot [45] registered\nMay 10 17:49:19 centos kernel: acpiphp: Slot [46] registered\nMay 10 17:49:19 centos kernel: acpiphp: Slot [47] registered\nMay 10 17:49:19 centos kernel: acpiphp: Slot [48] registered\nMay 10 17:49:19 centos kernel: acpiphp: Slot [49] registered\nMay 10 17:49:19 centos kernel: acpiphp: Slot [50] registered\nMay 10 17:49:19 centos kernel: acpiphp: Slot [51] registered\nMay 10 17:49:19 centos kernel: acpiphp: Slot [52] registered\nMay 10 17:49:19 centos kernel: acpiphp: Slot [53] registered\nMay 10 17:49:19 centos kernel: acpiphp: Slot [54] registered\nMay 10 17:49:19 centos kernel: acpiphp: Slot [55] registered\nMay 10 17:49:19 centos kernel: acpiphp: Slot [56] registered\nMay 10 17:49:19 centos kernel: acpiphp: Slot [57] registered\nMay 10 17:49:19 centos kernel: acpiphp: Slot [58] registered\nMay 10 17:49:19 centos kernel: acpiphp: Slot [59] registered\nMay 10 17:49:19 centos kernel: acpiphp: Slot [60] registered\nMay 10 17:49:19 centos kernel: acpiphp: Slot [61] registered\nMay 10 17:49:19 centos kernel: acpiphp: Slot [62] registered\nMay 10 17:49:19 centos kernel: acpiphp: Slot [63] registered\nMay 10 17:49:19 centos kernel: pci 0000:02:00.0: System wakeup disabled by ACPI\nMay 10 17:49:19 centos kernel: pci 0000:02:01.0: System wakeup disabled by ACPI\nMay 10 17:49:19 centos kernel: pci 0000:02:02.0: System wakeup disabled by ACPI\nMay 10 17:49:19 centos kernel: pci 0000:02:03.0: System wakeup disabled by ACPI\nMay 10 17:49:19 centos kernel: pci 0000:00:11.0: PCI bridge to [bus 02] (subtractive decode)\nMay 10 17:49:19 centos kernel: pci 0000:00:15.0: PCI bridge to [bus 03]\nMay 10 17:49:19 centos kernel: pci 0000:00:15.1: PCI bridge to [bus 04]\nMay 10 17:49:19 centos kernel: pci 0000:00:15.2: PCI bridge to [bus 05]\nMay 10 17:49:19 centos kernel: pci 0000:00:15.3: PCI bridge to [bus 06]\nMay 10 17:49:19 centos kernel: pci 0000:00:15.4: PCI bridge to [bus 07]\nMay 10 17:49:19 centos kernel: pci 0000:00:15.5: PCI bridge to [bus 08]\nMay 10 17:49:19 centos kernel: pci 0000:00:15.6: PCI bridge to [bus 09]\nMay 10 17:49:19 centos kernel: pci 0000:00:15.7: PCI bridge to [bus 0a]\nMay 10 17:49:19 centos kernel: pci 0000:00:16.0: PCI bridge to [bus 0b]\nMay 10 17:49:19 centos kernel: pci 0000:00:16.1: PCI bridge to [bus 0c]\nMay 10 17:49:19 centos kernel: pci 0000:00:16.2: PCI bridge to [bus 0d]\nMay 10 17:49:19 centos kernel: pci 0000:00:16.3: PCI bridge to [bus 0e]\nMay 10 17:49:19 centos kernel: pci 0000:00:16.4: PCI bridge to [bus 0f]\nMay 10 17:49:19 centos kernel: pci 0000:00:16.5: PCI bridge to [bus 10]\nMay 10 17:49:19 centos kernel: pci 0000:00:16.6: PCI bridge to [bus 11]\nMay 10 17:49:19 centos kernel: pci 0000:00:16.7: PCI bridge to [bus 12]\nMay 10 17:49:19 centos kernel: pci 0000:00:17.0: PCI bridge to [bus 13]\nMay 10 17:49:19 centos kernel: pci 0000:00:17.1: PCI bridge to [bus 14]\nMay 10 17:49:19 centos kernel: pci 0000:00:17.2: PCI bridge to [bus 15]\nMay 10 17:49:19 centos kernel: pci 0000:00:17.3: PCI bridge to [bus 16]\nMay 10 17:49:19 centos kernel: pci 0000:00:17.4: PCI bridge to [bus 17]\nMay 10 17:49:19 centos kernel: pci 0000:00:17.5: PCI bridge to [bus 18]\nMay 10 17:49:19 centos kernel: pci 0000:00:17.6: PCI bridge to [bus 19]\nMay 10 17:49:19 centos kernel: pci 0000:00:17.7: PCI bridge to [bus 1a]\nMay 10 17:49:19 centos kernel: pci 0000:00:18.0: PCI bridge to [bus 1b]\nMay 10 17:49:19 centos kernel: pci 0000:00:18.1: PCI bridge to [bus 1c]\nMay 10 17:49:19 centos kernel: pci 0000:00:18.2: PCI bridge to [bus 1d]\nMay 10 17:49:19 centos kernel: pci 0000:00:18.3: PCI bridge to [bus 1e]\nMay 10 17:49:19 centos kernel: pci 0000:00:18.4: PCI bridge to [bus 1f]\nMay 10 17:49:19 centos kernel: pci 0000:00:18.5: PCI bridge to [bus 20]\nMay 10 17:49:19 centos kernel: pci 0000:00:18.6: PCI bridge to [bus 21]\nMay 10 17:49:19 centos kernel: pci 0000:00:18.7: PCI bridge to [bus 22]\nMay 10 17:49:19 centos kernel: ACPI: PCI Interrupt Link [LNKA] (IRQs 3 4 5 6 7 *9 10 11 14 15)\nMay 10 17:49:19 centos kernel: ACPI: PCI Interrupt Link [LNKB] (IRQs 3 4 5 6 7 9 10 *11 14 15)\nMay 10 17:49:19 centos kernel: ACPI: PCI Interrupt Link [LNKC] (IRQs 3 4 5 6 7 9 *10 11 14 15)\nMay 10 17:49:19 centos kernel: ACPI: PCI Interrupt Link [LNKD] (IRQs 3 4 5 6 *7 9 10 11 14 15)\nMay 10 17:49:19 centos kernel: ACPI: Enabled 2 GPEs in block 00 to 0F\nMay 10 17:49:19 centos kernel: vgaarb: device added: PCI:0000:00:0f.0,decodes=io+mem,owns=io+mem,locks=none\nMay 10 17:49:19 centos kernel: vgaarb: loaded\nMay 10 17:49:19 centos kernel: vgaarb: bridge control possible 0000:00:0f.0\nMay 10 17:49:19 centos kernel: SCSI subsystem initialized\nMay 10 17:49:19 centos kernel: ACPI: bus type USB registered\nMay 10 17:49:19 centos kernel: usbcore: registered new interface driver usbfs\nMay 10 17:49:19 centos kernel: usbcore: registered new interface driver hub\nMay 10 17:49:19 centos kernel: usbcore: registered new device driver usb\nMay 10 17:49:19 centos kernel: PCI: Using ACPI for IRQ routing\nMay 10 17:49:19 centos kernel: NetLabel: Initializing\nMay 10 17:49:19 centos kernel: NetLabel:  domain hash size = 128\nMay 10 17:49:19 centos kernel: NetLabel:  protocols = UNLABELED CIPSOv4\nMay 10 17:49:19 centos kernel: NetLabel:  unlabeled traffic allowed by default\nMay 10 17:49:19 centos kernel: hpet0: at MMIO 0xfed00000, IRQs 2, 8, 0, 0, 0, 0, 0, 0, 0, 0, 0, 0, 0, 0, 0, 0\nMay 10 17:49:19 centos kernel: hpet0: 16 comparators, 64-bit 14.318180 MHz counter\nMay 10 17:49:19 centos kernel: Switched to clocksource hpet\nMay 10 17:49:19 centos kernel: pnp: PnP ACPI init\nMay 10 17:49:19 centos kernel: ACPI: bus type PNP registered\nMay 10 17:49:19 centos kernel: system 00:00: [io  0x1000-0x103f] could not be reserved\nMay 10 17:49:19 centos kernel: system 00:00: [io  0x1040-0x104f] has been reserved\nMay 10 17:49:19 centos kernel: system 00:00: [io  0x0cf0-0x0cf1] has been reserved\nMay 10 17:49:19 centos kernel: system 00:04: [mem 0xfed00000-0xfed003ff] has been reserved\nMay 10 17:49:19 centos kernel: system 00:06: [io  0xfce0-0xfcff] has been reserved\nMay 10 17:49:19 centos kernel: system 00:06: [mem 0xf0000000-0xf7ffffff] has been reserved\nMay 10 17:49:19 centos kernel: system 00:06: [mem 0xfe800000-0xfe9fffff] has been reserved\nMay 10 17:49:19 centos kernel: pnp: PnP ACPI: found 7 devices\nMay 10 17:49:19 centos kernel: ACPI: bus type PNP unregistered\nMay 10 17:49:19 centos kernel: pci 0000:00:0f.0: BAR 6: assigned [mem 0xc0000000-0xc0007fff pref]\nMay 10 17:49:19 centos kernel: pci 0000:00:10.0: BAR 6: assigned [mem 0xc0008000-0xc000bfff pref]\nMay 10 17:49:19 centos kernel: pci 0000:00:15.3: BAR 13: no space for [io  size 0x1000]\nMay 10 17:49:19 centos kernel: pci 0000:00:15.3: BAR 13: failed to assign [io  size 0x1000]\nMay 10 17:49:19 centos kernel: pci 0000:00:15.4: BAR 13: no space for [io  size 0x1000]\nMay 10 17:49:19 centos kernel: pci 0000:00:15.4: BAR 13: failed to assign [io  size 0x1000]\nMay 10 17:49:19 centos kernel: pci 0000:00:15.5: BAR 13: no space for [io  size 0x1000]\nMay 10 17:49:19 centos kernel: pci 0000:00:15.5: BAR 13: failed to assign [io  size 0x1000]\nMay 10 17:49:19 centos kernel: pci 0000:00:15.6: BAR 13: no space for [io  size 0x1000]\nMay 10 17:49:19 centos kernel: pci 0000:00:15.6: BAR 13: failed to assign [io  size 0x1000]\nMay 10 17:49:19 centos kernel: pci 0000:00:15.7: BAR 13: no space for [io  size 0x1000]\nMay 10 17:49:19 centos kernel: pci 0000:00:15.7: BAR 13: failed to assign [io  size 0x1000]\nMay 10 17:49:19 centos kernel: pci 0000:00:16.3: BAR 13: no space for [io  size 0x1000]\nMay 10 17:49:19 centos kernel: pci 0000:00:16.3: BAR 13: failed to assign [io  size 0x1000]\nMay 10 17:49:19 centos kernel: pci 0000:00:16.4: BAR 13: no space for [io  size 0x1000]\nMay 10 17:49:19 centos kernel: pci 0000:00:16.4: BAR 13: failed to assign [io  size 0x1000]\nMay 10 17:49:19 centos kernel: pci 0000:00:16.5: BAR 13: no space for [io  size 0x1000]\nMay 10 17:49:19 centos kernel: pci 0000:00:16.5: BAR 13: failed to assign [io  size 0x1000]\nMay 10 17:49:19 centos kernel: pci 0000:00:16.6: BAR 13: no space for [io  size 0x1000]\nMay 10 17:49:19 centos kernel: pci 0000:00:16.6: BAR 13: failed to assign [io  size 0x1000]\nMay 10 17:49:19 centos kernel: pci 0000:00:16.7: BAR 13: no space for [io  size 0x1000]\nMay 10 17:49:19 centos kernel: pci 0000:00:16.7: BAR 13: failed to assign [io  size 0x1000]\nMay 10 17:49:19 centos kernel: pci 0000:00:17.3: BAR 13: no space for [io  size 0x1000]\nMay 10 17:49:19 centos kernel: pci 0000:00:17.3: BAR 13: failed to assign [io  size 0x1000]\nMay 10 17:49:19 centos kernel: pci 0000:00:17.4: BAR 13: no space for [io  size 0x1000]\nMay 10 17:49:19 centos kernel: pci 0000:00:17.4: BAR 13: failed to assign [io  size 0x1000]\nMay 10 17:49:19 centos kernel: pci 0000:00:17.5: BAR 13: no space for [io  size 0x1000]\nMay 10 17:49:19 centos kernel: pci 0000:00:17.5: BAR 13: failed to assign [io  size 0x1000]\nMay 10 17:49:19 centos kernel: pci 0000:00:17.6: BAR 13: no space for [io  size 0x1000]\nMay 10 17:49:19 centos kernel: pci 0000:00:17.6: BAR 13: failed to assign [io  size 0x1000]\nMay 10 17:49:19 centos kernel: pci 0000:00:17.7: BAR 13: no space for [io  size 0x1000]\nMay 10 17:49:19 centos kernel: pci 0000:00:17.7: BAR 13: failed to assign [io  size 0x1000]\nMay 10 17:49:19 centos kernel: pci 0000:00:18.2: BAR 13: no space for [io  size 0x1000]\nMay 10 17:49:19 centos kernel: pci 0000:00:18.2: BAR 13: failed to assign [io  size 0x1000]\nMay 10 17:49:19 centos kernel: pci 0000:00:18.3: BAR 13: no space for [io  size 0x1000]\nMay 10 17:49:19 centos kernel: pci 0000:00:18.3: BAR 13: failed to assign [io  size 0x1000]\nMay 10 17:49:19 centos kernel: pci 0000:00:18.4: BAR 13: no space for [io  size 0x1000]\nMay 10 17:49:19 centos kernel: pci 0000:00:18.4: BAR 13: failed to assign [io  size 0x1000]\nMay 10 17:49:19 centos kernel: pci 0000:00:18.5: BAR 13: no space for [io  size 0x1000]\nMay 10 17:49:19 centos kernel: pci 0000:00:18.5: BAR 13: failed to assign [io  size 0x1000]\nMay 10 17:49:19 centos kernel: pci 0000:00:18.6: BAR 13: no space for [io  size 0x1000]\nMay 10 17:49:19 centos kernel: pci 0000:00:18.6: BAR 13: failed to assign [io  size 0x1000]\nMay 10 17:49:19 centos kernel: pci 0000:00:18.7: BAR 13: no space for [io  size 0x1000]\nMay 10 17:49:19 centos kernel: pci 0000:00:18.7: BAR 13: failed to assign [io  size 0x1000]\nMay 10 17:49:19 centos kernel: pci 0000:00:18.7: BAR 13: no space for [io  size 0x1000]\nMay 10 17:49:19 centos kernel: pci 0000:00:18.7: BAR 13: failed to assign [io  size 0x1000]\nMay 10 17:49:19 centos kernel: pci 0000:00:18.6: BAR 13: no space for [io  size 0x1000]\nMay 10 17:49:19 centos kernel: pci 0000:00:18.6: BAR 13: failed to assign [io  size 0x1000]\nMay 10 17:49:19 centos kernel: pci 0000:00:18.5: BAR 13: no space for [io  size 0x1000]\nMay 10 17:49:19 centos kernel: pci 0000:00:18.5: BAR 13: failed to assign [io  size 0x1000]\nMay 10 17:49:19 centos kernel: pci 0000:00:18.4: BAR 13: no space for [io  size 0x1000]\nMay 10 17:49:19 centos kernel: pci 0000:00:18.4: BAR 13: failed to assign [io  size 0x1000]\nMay 10 17:49:19 centos kernel: pci 0000:00:18.3: BAR 13: no space for [io  size 0x1000]\nMay 10 17:49:19 centos kernel: pci 0000:00:18.3: BAR 13: failed to assign [io  size 0x1000]\nMay 10 17:49:19 centos kernel: pci 0000:00:18.2: BAR 13: no space for [io  size 0x1000]\nMay 10 17:49:19 centos kernel: pci 0000:00:18.2: BAR 13: failed to assign [io  size 0x1000]\nMay 10 17:49:19 centos kernel: pci 0000:00:17.7: BAR 13: no space for [io  size 0x1000]\nMay 10 17:49:19 centos kernel: pci 0000:00:17.7: BAR 13: failed to assign [io  size 0x1000]\nMay 10 17:49:19 centos kernel: pci 0000:00:17.6: BAR 13: no space for [io  size 0x1000]\nMay 10 17:49:19 centos kernel: pci 0000:00:17.6: BAR 13: failed to assign [io  size 0x1000]\nMay 10 17:49:19 centos kernel: pci 0000:00:17.5: BAR 13: no space for [io  size 0x1000]\nMay 10 17:49:19 centos kernel: pci 0000:00:17.5: BAR 13: failed to assign [io  size 0x1000]\nMay 10 17:49:19 centos kernel: pci 0000:00:17.4: BAR 13: no space for [io  size 0x1000]\nMay 10 17:49:19 centos kernel: pci 0000:00:17.4: BAR 13: failed to assign [io  size 0x1000]\nMay 10 17:49:19 centos kernel: pci 0000:00:17.3: BAR 13: no space for [io  size 0x1000]\nMay 10 17:49:19 centos kernel: pci 0000:00:17.3: BAR 13: failed to assign [io  size 0x1000]\nMay 10 17:49:19 centos kernel: pci 0000:00:16.7: BAR 13: no space for [io  size 0x1000]\nMay 10 17:49:19 centos kernel: pci 0000:00:16.7: BAR 13: failed to assign [io  size 0x1000]\nMay 10 17:49:19 centos kernel: pci 0000:00:16.6: BAR 13: no space for [io  size 0x1000]\nMay 10 17:49:19 centos kernel: pci 0000:00:16.6: BAR 13: failed to assign [io  size 0x1000]\nMay 10 17:49:19 centos kernel: pci 0000:00:16.5: BAR 13: no space for [io  size 0x1000]\nMay 10 17:49:19 centos kernel: pci 0000:00:16.5: BAR 13: failed to assign [io  size 0x1000]\nMay 10 17:49:19 centos kernel: pci 0000:00:16.4: BAR 13: no space for [io  size 0x1000]\nMay 10 17:49:19 centos kernel: pci 0000:00:16.4: BAR 13: failed to assign [io  size 0x1000]\nMay 10 17:49:19 centos kernel: pci 0000:00:16.3: BAR 13: no space for [io  size 0x1000]\nMay 10 17:49:19 centos kernel: pci 0000:00:16.3: BAR 13: failed to assign [io  size 0x1000]\nMay 10 17:49:19 centos kernel: pci 0000:00:15.7: BAR 13: no space for [io  size 0x1000]\nMay 10 17:49:19 centos kernel: pci 0000:00:15.7: BAR 13: failed to assign [io  size 0x1000]\nMay 10 17:49:19 centos kernel: pci 0000:00:15.6: BAR 13: no space for [io  size 0x1000]\nMay 10 17:49:19 centos kernel: pci 0000:00:15.6: BAR 13: failed to assign [io  size 0x1000]\nMay 10 17:49:19 centos kernel: pci 0000:00:15.5: BAR 13: no space for [io  size 0x1000]\nMay 10 17:49:19 centos kernel: pci 0000:00:15.5: BAR 13: failed to assign [io  size 0x1000]\nMay 10 17:49:19 centos kernel: pci 0000:00:15.4: BAR 13: no space for [io  size 0x1000]\nMay 10 17:49:19 centos kernel: pci 0000:00:15.4: BAR 13: failed to assign [io  size 0x1000]\nMay 10 17:49:19 centos kernel: pci 0000:00:15.3: BAR 13: no space for [io  size 0x1000]\nMay 10 17:49:19 centos kernel: pci 0000:00:15.3: BAR 13: failed to assign [io  size 0x1000]\nMay 10 17:49:19 centos kernel: pci 0000:00:01.0: PCI bridge to [bus 01]\nMay 10 17:49:19 centos kernel: pci 0000:02:01.0: BAR 6: assigned [mem 0xfd500000-0xfd50ffff pref]\nMay 10 17:49:19 centos kernel: pci 0000:00:11.0: PCI bridge to [bus 02]\nMay 10 17:49:19 centos kernel: pci 0000:00:11.0:   bridge window [io  0x2000-0x3fff]\nMay 10 17:49:19 centos kernel: pci 0000:00:11.0:   bridge window [mem 0xfd500000-0xfdffffff]\nMay 10 17:49:19 centos kernel: pci 0000:00:11.0:   bridge window [mem 0xe7b00000-0xe7ffffff 64bit pref]\nMay 10 17:49:19 centos kernel: pci 0000:00:15.0: PCI bridge to [bus 03]\nMay 10 17:49:19 centos kernel: pci 0000:00:15.0:   bridge window [io  0x4000-0x4fff]\nMay 10 17:49:19 centos kernel: pci 0000:00:15.0:   bridge window [mem 0xfd400000-0xfd4fffff]\nMay 10 17:49:19 centos kernel: pci 0000:00:15.0:   bridge window [mem 0xe7a00000-0xe7afffff 64bit pref]\nMay 10 17:49:19 centos kernel: pci 0000:00:15.1: PCI bridge to [bus 04]\nMay 10 17:49:19 centos kernel: pci 0000:00:15.1:   bridge window [io  0x8000-0x8fff]\nMay 10 17:49:19 centos kernel: pci 0000:00:15.1:   bridge window [mem 0xfd000000-0xfd0fffff]\nMay 10 17:49:19 centos kernel: pci 0000:00:15.1:   bridge window [mem 0xe7600000-0xe76fffff 64bit pref]\nMay 10 17:49:19 centos kernel: pci 0000:00:15.2: PCI bridge to [bus 05]\nMay 10 17:49:19 centos kernel: pci 0000:00:15.2:   bridge window [io  0xc000-0xcfff]\nMay 10 17:49:19 centos kernel: pci 0000:00:15.2:   bridge window [mem 0xfcc00000-0xfccfffff]\nMay 10 17:49:19 centos kernel: pci 0000:00:15.2:   bridge window [mem 0xe7200000-0xe72fffff 64bit pref]\nMay 10 17:49:19 centos kernel: pci 0000:00:15.3: PCI bridge to [bus 06]\nMay 10 17:49:19 centos kernel: pci 0000:00:15.3:   bridge window [mem 0xfc800000-0xfc8fffff]\nMay 10 17:49:19 centos kernel: pci 0000:00:15.3:   bridge window [mem 0xe6e00000-0xe6efffff 64bit pref]\nMay 10 17:49:19 centos kernel: pci 0000:00:15.4: PCI bridge to [bus 07]\nMay 10 17:49:19 centos kernel: pci 0000:00:15.4:   bridge window [mem 0xfc400000-0xfc4fffff]\nMay 10 17:49:19 centos kernel: pci 0000:00:15.4:   bridge window [mem 0xe6a00000-0xe6afffff 64bit pref]\nMay 10 17:49:19 centos kernel: pci 0000:00:15.5: PCI bridge to [bus 08]\nMay 10 17:49:19 centos kernel: pci 0000:00:15.5:   bridge window [mem 0xfc000000-0xfc0fffff]\nMay 10 17:49:19 centos kernel: pci 0000:00:15.5:   bridge window [mem 0xe6600000-0xe66fffff 64bit pref]\nMay 10 17:49:19 centos kernel: pci 0000:00:15.6: PCI bridge to [bus 09]\nMay 10 17:49:19 centos kernel: pci 0000:00:15.6:   bridge window [mem 0xfbc00000-0xfbcfffff]\nMay 10 17:49:19 centos kernel: pci 0000:00:15.6:   bridge window [mem 0xe6200000-0xe62fffff 64bit pref]\nMay 10 17:49:19 centos kernel: pci 0000:00:15.7: PCI bridge to [bus 0a]\nMay 10 17:49:19 centos kernel: pci 0000:00:15.7:   bridge window [mem 0xfb800000-0xfb8fffff]\nMay 10 17:49:19 centos kernel: pci 0000:00:15.7:   bridge window [mem 0xe5e00000-0xe5efffff 64bit pref]\nMay 10 17:49:19 centos kernel: pci 0000:00:16.0: PCI bridge to [bus 0b]\nMay 10 17:49:19 centos kernel: pci 0000:00:16.0:   bridge window [io  0x5000-0x5fff]\nMay 10 17:49:19 centos kernel: pci 0000:00:16.0:   bridge window [mem 0xfd300000-0xfd3fffff]\nMay 10 17:49:19 centos kernel: pci 0000:00:16.0:   bridge window [mem 0xe7900000-0xe79fffff 64bit pref]\nMay 10 17:49:19 centos kernel: pci 0000:00:16.1: PCI bridge to [bus 0c]\nMay 10 17:49:19 centos kernel: pci 0000:00:16.1:   bridge window [io  0x9000-0x9fff]\nMay 10 17:49:19 centos kernel: pci 0000:00:16.1:   bridge window [mem 0xfcf00000-0xfcffffff]\nMay 10 17:49:19 centos kernel: pci 0000:00:16.1:   bridge window [mem 0xe7500000-0xe75fffff 64bit pref]\nMay 10 17:49:19 centos kernel: pci 0000:00:16.2: PCI bridge to [bus 0d]\nMay 10 17:49:19 centos kernel: pci 0000:00:16.2:   bridge window [io  0xd000-0xdfff]\nMay 10 17:49:19 centos kernel: pci 0000:00:16.2:   bridge window [mem 0xfcb00000-0xfcbfffff]\nMay 10 17:49:19 centos kernel: pci 0000:00:16.2:   bridge window [mem 0xe7100000-0xe71fffff 64bit pref]\nMay 10 17:49:19 centos kernel: pci 0000:00:16.3: PCI bridge to [bus 0e]\nMay 10 17:49:19 centos kernel: pci 0000:00:16.3:   bridge window [mem 0xfc700000-0xfc7fffff]\nMay 10 17:49:19 centos kernel: pci 0000:00:16.3:   bridge window [mem 0xe6d00000-0xe6dfffff 64bit pref]\nMay 10 17:49:19 centos kernel: pci 0000:00:16.4: PCI bridge to [bus 0f]\nMay 10 17:49:19 centos kernel: pci 0000:00:16.4:   bridge window [mem 0xfc300000-0xfc3fffff]\nMay 10 17:49:19 centos kernel: pci 0000:00:16.4:   bridge window [mem 0xe6900000-0xe69fffff 64bit pref]\nMay 10 17:49:19 centos kernel: pci 0000:00:16.5: PCI bridge to [bus 10]\nMay 10 17:49:19 centos kernel: pci 0000:00:16.5:   bridge window [mem 0xfbf00000-0xfbffffff]\nMay 10 17:49:19 centos kernel: pci 0000:00:16.5:   bridge window [mem 0xe6500000-0xe65fffff 64bit pref]\nMay 10 17:49:19 centos kernel: pci 0000:00:16.6: PCI bridge to [bus 11]\nMay 10 17:49:19 centos kernel: pci 0000:00:16.6:   bridge window [mem 0xfbb00000-0xfbbfffff]\nMay 10 17:49:19 centos kernel: pci 0000:00:16.6:   bridge window [mem 0xe6100000-0xe61fffff 64bit pref]\nMay 10 17:49:19 centos kernel: pci 0000:00:16.7: PCI bridge to [bus 12]\nMay 10 17:49:19 centos kernel: pci 0000:00:16.7:   bridge window [mem 0xfb700000-0xfb7fffff]\nMay 10 17:49:19 centos kernel: pci 0000:00:16.7:   bridge window [mem 0xe5d00000-0xe5dfffff 64bit pref]\nMay 10 17:49:19 centos kernel: pci 0000:00:17.0: PCI bridge to [bus 13]\nMay 10 17:49:19 centos kernel: pci 0000:00:17.0:   bridge window [io  0x6000-0x6fff]\nMay 10 17:49:19 centos kernel: pci 0000:00:17.0:   bridge window [mem 0xfd200000-0xfd2fffff]\nMay 10 17:49:19 centos kernel: pci 0000:00:17.0:   bridge window [mem 0xe7800000-0xe78fffff 64bit pref]\nMay 10 17:49:19 centos kernel: pci 0000:00:17.1: PCI bridge to [bus 14]\nMay 10 17:49:19 centos kernel: pci 0000:00:17.1:   bridge window [io  0xa000-0xafff]\nMay 10 17:49:19 centos kernel: pci 0000:00:17.1:   bridge window [mem 0xfce00000-0xfcefffff]\nMay 10 17:49:19 centos kernel: pci 0000:00:17.1:   bridge window [mem 0xe7400000-0xe74fffff 64bit pref]\nMay 10 17:49:19 centos kernel: pci 0000:00:17.2: PCI bridge to [bus 15]\nMay 10 17:49:19 centos kernel: pci 0000:00:17.2:   bridge window [io  0xe000-0xefff]\nMay 10 17:49:19 centos kernel: pci 0000:00:17.2:   bridge window [mem 0xfca00000-0xfcafffff]\nMay 10 17:49:19 centos kernel: pci 0000:00:17.2:   bridge window [mem 0xe7000000-0xe70fffff 64bit pref]\nMay 10 17:49:19 centos kernel: pci 0000:00:17.3: PCI bridge to [bus 16]\nMay 10 17:49:19 centos kernel: pci 0000:00:17.3:   bridge window [mem 0xfc600000-0xfc6fffff]\nMay 10 17:49:19 centos kernel: pci 0000:00:17.3:   bridge window [mem 0xe6c00000-0xe6cfffff 64bit pref]\nMay 10 17:49:19 centos kernel: pci 0000:00:17.4: PCI bridge to [bus 17]\nMay 10 17:49:19 centos kernel: pci 0000:00:17.4:   bridge window [mem 0xfc200000-0xfc2fffff]\nMay 10 17:49:19 centos kernel: pci 0000:00:17.4:   bridge window [mem 0xe6800000-0xe68fffff 64bit pref]\nMay 10 17:49:19 centos kernel: pci 0000:00:17.5: PCI bridge to [bus 18]\nMay 10 17:49:19 centos kernel: pci 0000:00:17.5:   bridge window [mem 0xfbe00000-0xfbefffff]\nMay 10 17:49:19 centos kernel: pci 0000:00:17.5:   bridge window [mem 0xe6400000-0xe64fffff 64bit pref]\nMay 10 17:49:19 centos kernel: pci 0000:00:17.6: PCI bridge to [bus 19]\nMay 10 17:49:19 centos kernel: pci 0000:00:17.6:   bridge window [mem 0xfba00000-0xfbafffff]\nMay 10 17:49:19 centos kernel: pci 0000:00:17.6:   bridge window [mem 0xe6000000-0xe60fffff 64bit pref]\nMay 10 17:49:19 centos kernel: pci 0000:00:17.7: PCI bridge to [bus 1a]\nMay 10 17:49:19 centos kernel: pci 0000:00:17.7:   bridge window [mem 0xfb600000-0xfb6fffff]\nMay 10 17:49:19 centos kernel: pci 0000:00:17.7:   bridge window [mem 0xe5c00000-0xe5cfffff 64bit pref]\nMay 10 17:49:19 centos kernel: pci 0000:00:18.0: PCI bridge to [bus 1b]\nMay 10 17:49:19 centos kernel: pci 0000:00:18.0:   bridge window [io  0x7000-0x7fff]\nMay 10 17:49:19 centos kernel: pci 0000:00:18.0:   bridge window [mem 0xfd100000-0xfd1fffff]\nMay 10 17:49:19 centos kernel: pci 0000:00:18.0:   bridge window [mem 0xe7700000-0xe77fffff 64bit pref]\nMay 10 17:49:19 centos kernel: pci 0000:00:18.1: PCI bridge to [bus 1c]\nMay 10 17:49:19 centos kernel: pci 0000:00:18.1:   bridge window [io  0xb000-0xbfff]\nMay 10 17:49:19 centos kernel: pci 0000:00:18.1:   bridge window [mem 0xfcd00000-0xfcdfffff]\nMay 10 17:49:19 centos kernel: pci 0000:00:18.1:   bridge window [mem 0xe7300000-0xe73fffff 64bit pref]\nMay 10 17:49:19 centos kernel: pci 0000:00:18.2: PCI bridge to [bus 1d]\nMay 10 17:49:19 centos kernel: pci 0000:00:18.2:   bridge window [mem 0xfc900000-0xfc9fffff]\nMay 10 17:49:19 centos kernel: pci 0000:00:18.2:   bridge window [mem 0xe6f00000-0xe6ffffff 64bit pref]\nMay 10 17:49:19 centos kernel: pci 0000:00:18.3: PCI bridge to [bus 1e]\nMay 10 17:49:19 centos kernel: pci 0000:00:18.3:   bridge window [mem 0xfc500000-0xfc5fffff]\nMay 10 17:49:19 centos kernel: pci 0000:00:18.3:   bridge window [mem 0xe6b00000-0xe6bfffff 64bit pref]\nMay 10 17:49:19 centos kernel: pci 0000:00:18.4: PCI bridge to [bus 1f]\nMay 10 17:49:19 centos kernel: pci 0000:00:18.4:   bridge window [mem 0xfc100000-0xfc1fffff]\nMay 10 17:49:19 centos kernel: pci 0000:00:18.4:   bridge window [mem 0xe6700000-0xe67fffff 64bit pref]\nMay 10 17:49:19 centos kernel: pci 0000:00:18.5: PCI bridge to [bus 20]\nMay 10 17:49:19 centos kernel: pci 0000:00:18.5:   bridge window [mem 0xfbd00000-0xfbdfffff]\nMay 10 17:49:19 centos kernel: pci 0000:00:18.5:   bridge window [mem 0xe6300000-0xe63fffff 64bit pref]\nMay 10 17:49:19 centos kernel: pci 0000:00:18.6: PCI bridge to [bus 21]\nMay 10 17:49:19 centos kernel: pci 0000:00:18.6:   bridge window [mem 0xfb900000-0xfb9fffff]\nMay 10 17:49:19 centos kernel: pci 0000:00:18.6:   bridge window [mem 0xe5f00000-0xe5ffffff 64bit pref]\nMay 10 17:49:19 centos kernel: pci 0000:00:18.7: PCI bridge to [bus 22]\nMay 10 17:49:19 centos kernel: pci 0000:00:18.7:   bridge window [mem 0xfb500000-0xfb5fffff]\nMay 10 17:49:19 centos kernel: pci 0000:00:18.7:   bridge window [mem 0xe5b00000-0xe5bfffff 64bit pref]\nMay 10 17:49:19 centos kernel: NET: Registered protocol family 2\nMay 10 17:49:19 centos kernel: TCP established hash table entries: 65536 (order: 7, 524288 bytes)\nMay 10 17:49:19 centos kernel: TCP bind hash table entries: 65536 (order: 8, 1048576 bytes)\nMay 10 17:49:19 centos kernel: TCP: Hash tables configured (established 65536 bind 65536)\nMay 10 17:49:19 centos kernel: TCP: reno registered\nMay 10 17:49:19 centos kernel: UDP hash table entries: 4096 (order: 5, 131072 bytes)\nMay 10 17:49:19 centos kernel: UDP-Lite hash table entries: 4096 (order: 5, 131072 bytes)\nMay 10 17:49:19 centos kernel: NET: Registered protocol family 1\nMay 10 17:49:19 centos kernel: pci 0000:00:00.0: Limiting direct PCI/PCI transfers\nMay 10 17:49:19 centos kernel: Unpacking initramfs...\nMay 10 17:49:19 centos kernel: Freeing initrd memory: 27676k freed\nMay 10 17:49:19 centos kernel: PCI-DMA: Using software bounce buffering for IO (SWIOTLB)\nMay 10 17:49:19 centos kernel: software IO TLB [mem 0xbbed0000-0xbfed0000] (64MB) mapped at [ffff8800bbed0000-ffff8800bfecffff]\nMay 10 17:49:19 centos kernel: RAPL PMU: API unit is 2^-32 Joules, 3 fixed counters, 10737418240 ms ovfl timer\nMay 10 17:49:19 centos kernel: RAPL PMU: hw unit of domain pp0-core 2^-0 Joules\nMay 10 17:49:19 centos kernel: RAPL PMU: hw unit of domain package 2^-0 Joules\nMay 10 17:49:19 centos kernel: RAPL PMU: hw unit of domain dram 2^-16 Joules\nMay 10 17:49:19 centos kernel: Simple Boot Flag at 0x36 set to 0x80\nMay 10 17:49:19 centos kernel: Switched to clocksource tsc\nMay 10 17:49:19 centos kernel: sha1_ssse3: Using AVX2 optimized SHA-1 implementation\nMay 10 17:49:19 centos kernel: sha256_ssse3: Using AVX2 optimized SHA-256 implementation\nMay 10 17:49:19 centos kernel: futex hash table entries: 32768 (order: 9, 2097152 bytes)\nMay 10 17:49:19 centos kernel: Initialise system trusted keyring\nMay 10 17:49:19 centos kernel: audit: initializing netlink socket (disabled)\nMay 10 17:49:19 centos kernel: type=2000 audit(1494427758.181:1): initialized\nMay 10 17:49:19 centos kernel: HugeTLB registered 1 GB page size, pre-allocated 0 pages\nMay 10 17:49:19 centos kernel: HugeTLB registered 2 MB page size, pre-allocated 0 pages\nMay 10 17:49:19 centos kernel: zpool: loaded\nMay 10 17:49:19 centos kernel: zbud: loaded\nMay 10 17:49:19 centos kernel: VFS: Disk quotas dquot_6.5.2\nMay 10 17:49:19 centos kernel: Dquot-cache hash table entries: 512 (order 0, 4096 bytes)\nMay 10 17:49:19 centos kernel: msgmni has been set to 15610\nMay 10 17:49:19 centos kernel: Key type big_key registered\nMay 10 17:49:19 centos kernel: NET: Registered protocol family 38\nMay 10 17:49:19 centos kernel: Key type asymmetric registered\nMay 10 17:49:19 centos kernel: Asymmetric key parser \'x509\' registered\nMay 10 17:49:19 centos kernel: Block layer SCSI generic (bsg) driver version 0.4 loaded (major 251)\nMay 10 17:49:19 centos kernel: io scheduler noop registered\nMay 10 17:49:19 centos kernel: io scheduler deadline registered (default)\nMay 10 17:49:19 centos kernel: io scheduler cfq registered\nMay 10 17:49:19 centos kernel: pcieport 0000:00:15.0: Signaling PME through PCIe PME interrupt\nMay 10 17:49:19 centos kernel: pcieport 0000:00:15.1: Signaling PME through PCIe PME interrupt\nMay 10 17:49:19 centos kernel: pcieport 0000:00:15.2: Signaling PME through PCIe PME interrupt\nMay 10 17:49:19 centos kernel: pcieport 0000:00:15.3: Signaling PME through PCIe PME interrupt\nMay 10 17:49:19 centos kernel: pcieport 0000:00:15.4: Signaling PME through PCIe PME interrupt\nMay 10 17:49:19 centos kernel: pcieport 0000:00:15.5: Signaling PME through PCIe PME interrupt\nMay 10 17:49:19 centos kernel: pcieport 0000:00:15.6: Signaling PME through PCIe PME interrupt\nMay 10 17:49:19 centos kernel: pcieport 0000:00:15.7: Signaling PME through PCIe PME interrupt\nMay 10 17:49:19 centos kernel: pcieport 0000:00:16.0: Signaling PME through PCIe PME interrupt\nMay 10 17:49:19 centos kernel: pcieport 0000:00:16.1: Signaling PME through PCIe PME interrupt\nMay 10 17:49:19 centos kernel: pcieport 0000:00:16.2: Signaling PME through PCIe PME interrupt\nMay 10 17:49:19 centos kernel: pcieport 0000:00:16.3: Signaling PME through PCIe PME interrupt\nMay 10 17:49:19 centos kernel: pcieport 0000:00:16.4: Signaling PME through PCIe PME interrupt\nMay 10 17:49:19 centos kernel: pcieport 0000:00:16.5: Signaling PME through PCIe PME interrupt\nMay 10 17:49:19 centos kernel: pcieport 0000:00:16.6: Signaling PME through PCIe PME interrupt\nMay 10 17:49:19 centos kernel: pcieport 0000:00:16.7: Signaling PME through PCIe PME interrupt\nMay 10 17:49:19 centos kernel: pcieport 0000:00:17.0: Signaling PME through PCIe PME interrupt\nMay 10 17:49:19 centos kernel: pcieport 0000:00:17.1: Signaling PME through PCIe PME interrupt\nMay 10 17:49:19 centos kernel: pcieport 0000:00:17.2: Signaling PME through PCIe PME interrupt\nMay 10 17:49:19 centos kernel: pcieport 0000:00:17.3: Signaling PME through PCIe PME interrupt\nMay 10 17:49:19 centos kernel: pcieport 0000:00:17.4: Signaling PME through PCIe PME interrupt\nMay 10 17:49:19 centos kernel: pcieport 0000:00:17.5: Signaling PME through PCIe PME interrupt\nMay 10 17:49:19 centos kernel: pcieport 0000:00:17.6: Signaling PME through PCIe PME interrupt\nMay 10 17:49:19 centos kernel: pcieport 0000:00:17.7: Signaling PME through PCIe PME interrupt\nMay 10 17:49:19 centos kernel: pcieport 0000:00:18.0: Signaling PME through PCIe PME interrupt\nMay 10 17:49:19 centos kernel: pcieport 0000:00:18.1: Signaling PME through PCIe PME interrupt\nMay 10 17:49:19 centos kernel: pcieport 0000:00:18.2: Signaling PME through PCIe PME interrupt\nMay 10 17:49:19 centos kernel: pcieport 0000:00:18.3: Signaling PME through PCIe PME interrupt\nMay 10 17:49:19 centos kernel: pcieport 0000:00:18.4: Signaling PME through PCIe PME interrupt\nMay 10 17:49:19 centos kernel: pcieport 0000:00:18.5: Signaling PME through PCIe PME interrupt\nMay 10 17:49:19 centos kernel: pcieport 0000:00:18.6: Signaling PME through PCIe PME interrupt\nMay 10 17:49:19 centos kernel: pcieport 0000:00:18.7: Signaling PME through PCIe PME interrupt\nMay 10 17:49:19 centos kernel: pci_hotplug: PCI Hot Plug PCI Core version: 0.5\nMay 10 17:49:19 centos kernel: pciehp 0000:00:15.0:pcie04: Slot #160 AttnBtn+ PwrCtrl+ MRL- AttnInd- PwrInd- HotPlug+ Surprise- Interlock- NoCompl+ LLActRep+\nMay 10 17:49:19 centos kernel: pciehp 0000:00:15.1:pcie04: Slot #161 AttnBtn+ PwrCtrl+ MRL- AttnInd- PwrInd- HotPlug+ Surprise- Interlock- NoCompl+ LLActRep+\nMay 10 17:49:19 centos kernel: pciehp 0000:00:15.2:pcie04: Slot #162 AttnBtn+ PwrCtrl+ MRL- AttnInd- PwrInd- HotPlug+ Surprise- Interlock- NoCompl+ LLActRep+\nMay 10 17:49:19 centos kernel: pciehp 0000:00:15.3:pcie04: Slot #163 AttnBtn+ PwrCtrl+ MRL- AttnInd- PwrInd- HotPlug+ Surprise- Interlock- NoCompl+ LLActRep+\nMay 10 17:49:19 centos kernel: pciehp 0000:00:15.4:pcie04: Slot #164 AttnBtn+ PwrCtrl+ MRL- AttnInd- PwrInd- HotPlug+ Surprise- Interlock- NoCompl+ LLActRep+\nMay 10 17:49:19 centos kernel: pciehp 0000:00:15.5:pcie04: Slot #165 AttnBtn+ PwrCtrl+ MRL- AttnInd- PwrInd- HotPlug+ Surprise- Interlock- NoCompl+ LLActRep+\nMay 10 17:49:19 centos kernel: pciehp 0000:00:15.6:pcie04: Slot #166 AttnBtn+ PwrCtrl+ MRL- AttnInd- PwrInd- HotPlug+ Surprise- Interlock- NoCompl+ LLActRep+\nMay 10 17:49:19 centos kernel: pciehp 0000:00:15.7:pcie04: Slot #167 AttnBtn+ PwrCtrl+ MRL- AttnInd- PwrInd- HotPlug+ Surprise- Interlock- NoCompl+ LLActRep+\nMay 10 17:49:19 centos kernel: pciehp 0000:00:16.0:pcie04: Slot #192 AttnBtn+ PwrCtrl+ MRL- AttnInd- PwrInd- HotPlug+ Surprise- Interlock- NoCompl+ LLActRep+\nMay 10 17:49:19 centos kernel: pciehp 0000:00:16.1:pcie04: Slot #193 AttnBtn+ PwrCtrl+ MRL- AttnInd- PwrInd- HotPlug+ Surprise- Interlock- NoCompl+ LLActRep+\nMay 10 17:49:19 centos kernel: pciehp 0000:00:16.2:pcie04: Slot #194 AttnBtn+ PwrCtrl+ MRL- AttnInd- PwrInd- HotPlug+ Surprise- Interlock- NoCompl+ LLActRep+\nMay 10 17:49:19 centos kernel: pciehp 0000:00:16.3:pcie04: Slot #195 AttnBtn+ PwrCtrl+ MRL- AttnInd- PwrInd- HotPlug+ Surprise- Interlock- NoCompl+ LLActRep+\nMay 10 17:49:19 centos kernel: pciehp 0000:00:16.4:pcie04: Slot #196 AttnBtn+ PwrCtrl+ MRL- AttnInd- PwrInd- HotPlug+ Surprise- Interlock- NoCompl+ LLActRep+\nMay 10 17:49:19 centos kernel: pciehp 0000:00:16.5:pcie04: Slot #197 AttnBtn+ PwrCtrl+ MRL- AttnInd- PwrInd- HotPlug+ Surprise- Interlock- NoCompl+ LLActRep+\nMay 10 17:49:19 centos kernel: pciehp 0000:00:16.6:pcie04: Slot #198 AttnBtn+ PwrCtrl+ MRL- AttnInd- PwrInd- HotPlug+ Surprise- Interlock- NoCompl+ LLActRep+\nMay 10 17:49:19 centos kernel: pciehp 0000:00:16.7:pcie04: Slot #199 AttnBtn+ PwrCtrl+ MRL- AttnInd- PwrInd- HotPlug+ Surprise- Interlock- NoCompl+ LLActRep+\nMay 10 17:49:19 centos kernel: pciehp 0000:00:17.0:pcie04: Slot #224 AttnBtn+ PwrCtrl+ MRL- AttnInd- PwrInd- HotPlug+ Surprise- Interlock- NoCompl+ LLActRep+\nMay 10 17:49:19 centos kernel: pciehp 0000:00:17.1:pcie04: Slot #225 AttnBtn+ PwrCtrl+ MRL- AttnInd- PwrInd- HotPlug+ Surprise- Interlock- NoCompl+ LLActRep+\nMay 10 17:49:19 centos kernel: pciehp 0000:00:17.2:pcie04: Slot #226 AttnBtn+ PwrCtrl+ MRL- AttnInd- PwrInd- HotPlug+ Surprise- Interlock- NoCompl+ LLActRep+\nMay 10 17:49:19 centos kernel: pciehp 0000:00:17.3:pcie04: Slot #227 AttnBtn+ PwrCtrl+ MRL- AttnInd- PwrInd- HotPlug+ Surprise- Interlock- NoCompl+ LLActRep+\nMay 10 17:49:19 centos kernel: pciehp 0000:00:17.4:pcie04: Slot #228 AttnBtn+ PwrCtrl+ MRL- AttnInd- PwrInd- HotPlug+ Surprise- Interlock- NoCompl+ LLActRep+\nMay 10 17:49:19 centos kernel: pciehp 0000:00:17.5:pcie04: Slot #229 AttnBtn+ PwrCtrl+ MRL- AttnInd- PwrInd- HotPlug+ Surprise- Interlock- NoCompl+ LLActRep+\nMay 10 17:49:19 centos kernel: pciehp 0000:00:17.6:pcie04: Slot #230 AttnBtn+ PwrCtrl+ MRL- AttnInd- PwrInd- HotPlug+ Surprise- Interlock- NoCompl+ LLActRep+\nMay 10 17:49:19 centos kernel: pciehp 0000:00:17.7:pcie04: Slot #231 AttnBtn+ PwrCtrl+ MRL- AttnInd- PwrInd- HotPlug+ Surprise- Interlock- NoCompl+ LLActRep+\nMay 10 17:49:19 centos kernel: pciehp 0000:00:18.0:pcie04: Slot #256 AttnBtn+ PwrCtrl+ MRL- AttnInd- PwrInd- HotPlug+ Surprise- Interlock- NoCompl+ LLActRep+\nMay 10 17:49:19 centos kernel: pciehp 0000:00:18.1:pcie04: Slot #257 AttnBtn+ PwrCtrl+ MRL- AttnInd- PwrInd- HotPlug+ Surprise- Interlock- NoCompl+ LLActRep+\nMay 10 17:49:19 centos kernel: pciehp 0000:00:18.2:pcie04: Slot #258 AttnBtn+ PwrCtrl+ MRL- AttnInd- PwrInd- HotPlug+ Surprise- Interlock- NoCompl+ LLActRep+\nMay 10 17:49:19 centos kernel: pciehp 0000:00:18.3:pcie04: Slot #259 AttnBtn+ PwrCtrl+ MRL- AttnInd- PwrInd- HotPlug+ Surprise- Interlock- NoCompl+ LLActRep+\nMay 10 17:49:19 centos kernel: pciehp 0000:00:18.4:pcie04: Slot #260 AttnBtn+ PwrCtrl+ MRL- AttnInd- PwrInd- HotPlug+ Surprise- Interlock- NoCompl+ LLActRep+\nMay 10 17:49:19 centos kernel: pciehp 0000:00:18.5:pcie04: Slot #261 AttnBtn+ PwrCtrl+ MRL- AttnInd- PwrInd- HotPlug+ Surprise- Interlock- NoCompl+ LLActRep+\nMay 10 17:49:19 centos kernel: pciehp 0000:00:18.6:pcie04: Slot #262 AttnBtn+ PwrCtrl+ MRL- AttnInd- PwrInd- HotPlug+ Surprise- Interlock- NoCompl+ LLActRep+\nMay 10 17:49:19 centos kernel: pciehp 0000:00:18.7:pcie04: Slot #263 AttnBtn+ PwrCtrl+ MRL- AttnInd- PwrInd- HotPlug+ Surprise- Interlock- NoCompl+ LLActRep+\nMay 10 17:49:19 centos kernel: pciehp: PCI Express Hot Plug Controller Driver version: 0.4\nMay 10 17:49:19 centos kernel: ACPI: AC Adapter [ACAD] (on-line)\nMay 10 17:49:19 centos kernel: input: Power Button as /devices/LNXSYSTM:00/LNXPWRBN:00/input/input0\nMay 10 17:49:19 centos kernel: ACPI: Power Button [PWRF]\nMay 10 17:49:19 centos kernel: GHES: HEST is not enabled!\nMay 10 17:49:19 centos kernel: Serial: 8250/16550 driver, 4 ports, IRQ sharing enabled\nMay 10 17:49:19 centos kernel: 00:05: ttyS0 at I/O 0x3f8 (irq = 4) is a 16550A\nMay 10 17:49:19 centos kernel: Non-volatile memory driver v1.3\nMay 10 17:49:19 centos kernel: Linux agpgart interface v0.103\nMay 10 17:49:19 centos kernel: agpgart-intel 0000:00:00.0: Intel 440BX Chipset\nMay 10 17:49:19 centos kernel: agpgart-intel 0000:00:00.0: AGP aperture is 256M @ 0x0\nMay 10 17:49:19 centos kernel: crash memory driver: version 1.1\nMay 10 17:49:19 centos kernel: rdac: device handler registered\nMay 10 17:49:19 centos kernel: hp_sw: device handler registered\nMay 10 17:49:19 centos kernel: emc: device handler registered\nMay 10 17:49:19 centos kernel: alua: device handler registered\nMay 10 17:49:19 centos kernel: libphy: Fixed MDIO Bus: probed\nMay 10 17:49:19 centos kernel: ehci_hcd: USB 2.0 \'Enhanced\' Host Controller (EHCI) Driver\nMay 10 17:49:19 centos kernel: ehci-pci: EHCI PCI platform driver\nMay 10 17:49:19 centos kernel: ehci-pci 0000:02:03.0: EHCI Host Controller\nMay 10 17:49:19 centos kernel: ehci-pci 0000:02:03.0: new USB bus registered, assigned bus number 1\nMay 10 17:49:19 centos kernel: ehci-pci 0000:02:03.0: irq 17, io mem 0xfd5ef000\nMay 10 17:49:19 centos kernel: ehci-pci 0000:02:03.0: USB 2.0 started, EHCI 1.00\nMay 10 17:49:19 centos kernel: usb usb1: New USB device found, idVendor=1d6b, idProduct=0002\nMay 10 17:49:19 centos kernel: usb usb1: New USB device strings: Mfr=3, Product=2, SerialNumber=1\nMay 10 17:49:19 centos kernel: usb usb1: Product: EHCI Host Controller\nMay 10 17:49:19 centos kernel: usb usb1: Manufacturer: Linux 3.10.0-514.el7.x86_64 ehci_hcd\nMay 10 17:49:19 centos kernel: usb usb1: SerialNumber: 0000:02:03.0\nMay 10 17:49:19 centos kernel: hub 1-0:1.0: USB hub found\nMay 10 17:49:19 centos kernel: hub 1-0:1.0: 6 ports detected\nMay 10 17:49:19 centos kernel: ohci_hcd: USB 1.1 \'Open\' Host Controller (OHCI) Driver\nMay 10 17:49:19 centos kernel: ohci-pci: OHCI PCI platform driver\nMay 10 17:49:19 centos kernel: uhci_hcd: USB Universal Host Controller Interface driver\nMay 10 17:49:19 centos kernel: uhci_hcd 0000:02:00.0: UHCI Host Controller\nMay 10 17:49:19 centos kernel: uhci_hcd 0000:02:00.0: new USB bus registered, assigned bus number 2\nMay 10 17:49:19 centos kernel: uhci_hcd 0000:02:00.0: detected 2 ports\nMay 10 17:49:19 centos kernel: uhci_hcd 0000:02:00.0: irq 18, io base 0x00002080\nMay 10 17:49:19 centos kernel: usb usb2: New USB device found, idVendor=1d6b, idProduct=0001\nMay 10 17:49:19 centos kernel: usb usb2: New USB device strings: Mfr=3, Product=2, SerialNumber=1\nMay 10 17:49:19 centos kernel: usb usb2: Product: UHCI Host Controller\nMay 10 17:49:19 centos kernel: usb usb2: Manufacturer: Linux 3.10.0-514.el7.x86_64 uhci_hcd\nMay 10 17:49:19 centos kernel: usb usb2: SerialNumber: 0000:02:00.0\nMay 10 17:49:19 centos kernel: hub 2-0:1.0: USB hub found\nMay 10 17:49:19 centos kernel: hub 2-0:1.0: 2 ports detected\nMay 10 17:49:19 centos kernel: usbcore: registered new interface driver usbserial\nMay 10 17:49:19 centos kernel: usbcore: registered new interface driver usbserial_generic\nMay 10 17:49:19 centos kernel: usbserial: USB Serial support registered for generic\nMay 10 17:49:19 centos kernel: i8042: PNP: PS/2 Controller [PNP0303:KBC,PNP0f13:MOUS] at 0x60,0x64 irq 1,12\nMay 10 17:49:19 centos kernel: serio: i8042 KBD port at 0x60,0x64 irq 1\nMay 10 17:49:19 centos kernel: serio: i8042 AUX port at 0x60,0x64 irq 12\nMay 10 17:49:19 centos kernel: mousedev: PS/2 mouse device common for all mice\nMay 10 17:49:19 centos kernel: input: AT Translated Set 2 keyboard as /devices/platform/i8042/serio0/input/input1\nMay 10 17:49:19 centos kernel: input: VirtualPS/2 VMware VMMouse as /devices/platform/i8042/serio1/input/input2\nMay 10 17:49:19 centos kernel: input: VirtualPS/2 VMware VMMouse as /devices/platform/i8042/serio1/input/input3\nMay 10 17:49:19 centos kernel